#
# A fatal error has been detected by the Java Runtime Environment:
#
#  EXCEPTION_ACCESS_VIOLATION (0xc0000005) at pc=0x00007ffb40f1b2e9, pid=41656, tid=48808
#
# JRE version: OpenJDK Runtime Environment Temurin-25.0.4.1+1 (25.0.4.1+1) (build 25.0.4.1+1-LTS)
# Java VM: OpenJDK 64-Bit Server VM Temurin-25.0.4.1+1 (25.0.4.1+1-LTS, mixed mode, sharing, tiered, compressed oops, compressed class ptrs, g1 gc, windows-amd64)
# Problematic frame:
# C  [awt.dll+0xdb2e9]
#
# No core dump will be written. Minidumps are not enabled by default on client versions of Windows
#
# If you would like to submit a bug report, please visit:
#   https://github.com/adoptium/adoptium-support/issues
# The crash happened outside the Java Virtual Machine in native code.
# See problematic frame for where to report the bug.
#

---------------  S U M M A R Y ------------

Command Line: io.qameta.allure.CommandLine open allure-report

Host: Intel(R) Core(TM) Ultra 7 258V, 8 cores, 31G,  Windows 11 , 64 bit Build 26100 (10.0.26100.9444)
Time: Wed Sep 16 12:23:41 2026 South Africa Standard Time elapsed time: 69335.914560 seconds (0d 19h 15m 35s)

---------------  T H R E A D  ---------------

Current thread (0x000001e0166ff130):  JavaThread "AWT-EventQueue-0"        [_thread_in_native, id=48808, stack(0x000000b77d800000,0x000000b77d900000) (1024K)]

Stack: [0x000000b77d800000,0x000000b77d900000],  sp=0x000000b77d8fee70,  free space=1019k
Native frames: (J=compiled Java code, j=interpreted, Vv=VM code, C=native code)
C  [awt.dll+0xdb2e9]  (no source info available)
C  [awt.dll+0xda6ba]  (no source info available)
C  0x000001e00754d193  (no source info available)

The last pc belongs to native method entry point (kind = native) (printed below).
Java frames: (J=compiled Java code, j=interpreted, Vv=VM code)
j  sun.awt.Win32GraphicsConfig.getBounds(I)Ljava/awt/Rectangle;+0 java.desktop@25.0.4.1
j  sun.awt.Win32GraphicsConfig.getBounds()Ljava/awt/Rectangle;+8 java.desktop@25.0.4.1
j  sun.awt.Win32GraphicsDevice.displayChanged()V+23 java.desktop@25.0.4.1
j  sun.awt.Win32GraphicsEnvironment.displayChanged()V+271 java.desktop@25.0.4.1
j  sun.awt.windows.WToolkit.lambda$displayChanged$0()V+15 java.desktop@25.0.4.1
j  sun.awt.windows.WToolkit$$Lambda+0x000000000f098698.run()V+0 java.desktop@25.0.4.1
j  java.awt.event.InvocationEvent.dispatch()V+47 java.desktop@25.0.4.1
j  java.awt.EventQueue.dispatchEventImpl(Ljava/awt/AWTEvent;Ljava/lang/Object;)V+21 java.desktop@25.0.4.1
j  java.awt.EventQueue.dispatchEvent(Ljava/awt/AWTEvent;)V+22 java.desktop@25.0.4.1
j  java.awt.EventDispatchThread.pumpOneEventForFilters(I)V+81 java.desktop@25.0.4.1
j  java.awt.EventDispatchThread.pumpEventsForFilter(ILjava/awt/Conditional;Ljava/awt/EventFilter;)V+35 java.desktop@25.0.4.1
j  java.awt.EventDispatchThread.pumpEventsForHierarchy(ILjava/awt/Conditional;Ljava/awt/Component;)V+11 java.desktop@25.0.4.1
j  java.awt.EventDispatchThread.pumpEvents(ILjava/awt/Conditional;)V+4 java.desktop@25.0.4.1
j  java.awt.EventDispatchThread.pumpEvents(Ljava/awt/Conditional;)V+3 java.desktop@25.0.4.1
j  java.awt.EventDispatchThread.run()V+9 java.desktop@25.0.4.1
v  ~StubRoutines::call_stub 0x000001e0075412ed

siginfo: EXCEPTION_ACCESS_VIOLATION (0xc0000005), reading address 0x0000000000000028


Registers:
RAX=0x0000000000000000, RBX=0x000001e01637ebd0, RCX=0x0000000000000000, RDX=0x0000000000000000
RSP=0x000000b77d8fee70, RBP=0x0000000000000000, RSI=0x0000000000000000, RDI=0x0000000000000000
R8 =0x0000000000000001, R9 =0x000000b77d46a000, R10=0x000001e0125e5008, R11=0x0000000000000004
R12=0x0000000000000000, R13=0x000001e0166e56e8, R14=0x000001e011ad3a20, R15=0x0000000000000000
RIP=0x00007ffb40f1b2e9, EFLAGS=0x0000000000010246

XMM[0]=0x0000000000000000 0x0000000000000000
XMM[1]=0x0000000000000000 0x000000b77d8fef40
XMM[2]=0x0000000000000000 0x0000000000000000
XMM[3]=0x0000000000000000 0x0000000000000000
XMM[4]=0x0000000000000000 0x0000000000000000
XMM[5]=0x0000000000000000 0x0000000000000000
XMM[6]=0x0000000000000000 0x0000000000000000
XMM[7]=0x0000000000000000 0x0000000000000000
XMM[8]=0x0000000000000000 0x0000000000000000
XMM[9]=0x0000000000000000 0x0000000000000000
XMM[10]=0x0000000000000000 0x0000000000000000
XMM[11]=0x0000000000000000 0x0000000000000000
XMM[12]=0x0000000000000000 0x0000000000000000
XMM[13]=0x0000000000000000 0x0000000000000000
XMM[14]=0x0000000000000000 0x0000000000000000
XMM[15]=0x0000000000000000 0x0000000000000000
  MXCSR=0x00001fa0


Register to memory mapping:

RAX=0x0 is null
RBX=0x000001e01637ebd0 points into unknown readable memory: 0x000001e01654dee0 | e0 de 54 16 e0 01 00 00
RCX=0x0 is null
RDX=0x0 is null
RSP=0x000000b77d8fee70 is pointing into the stack for thread: 0x000001e0166ff130
RBP=0x0 is null
RSI=0x0 is null
RDI=0x0 is null
R8 =0x0000000000000001 is an unknown value
R9 =0x000000b77d46a000 points into unknown readable memory: 0x0000000000000000 | 00 00 00 00 00 00 00 00
R10={method} {0x000001e0125e5010} '<init>' '(IIII)V' in 'java/awt/Rectangle'
R11=0x0000000000000004 is an unknown value
R12=0x0 is null
R13=0x000001e0166e56e8 points into unknown readable memory: 0x000001e0125e5008 | 08 50 5e 12 e0 01 00 00
R14=0x000001e011ad3a20 points into unknown readable memory: 0x0000000624c03f40 | 40 3f c0 24 06 00 00 00
R15=0x0 is null

Top of Stack: (sp=0x000000b77d8fee70)
0x000000b77d8fee70:   00007ffb40f79838 000001e01637ebd0   8..@......7.....
0x000000b77d8fee80:   000001e011ad3a20 000001e01637ebd0    :........7.....
0x000000b77d8fee90:   000001e0166ff578 00007ffb40f1a6ba   x.o........@....
0x000000b77d8feea0:   000001e01637ebd0 000001e01637ebd0   ..7.......7.....
0x000000b77d8feeb0:   0000000000000000 0000000000000000   ................
0x000000b77d8feec0:   00000006253d9208 000001e0125a65e8   ..=%.....eZ.....
0x000000b77d8feed0:   0000000000000000 000000b77d8feef0   ...........}....
0x000000b77d8feee0:   0000000000000000 0000000000000000   ................
0x000000b77d8feef0:   00000d418108093c 0000000624c03760   <...A...`7.$....
0x000000b77d8fef00:   000001e0166ff130 000000b77d8fefe8   0.o........}....
0x000000b77d8fef10:   000001e0125e1000 0000000000000000   ..^.............
0x000000b77d8fef20:   00000000000000e8 000000000000001c   ................
0x000000b77d8fef30:   000000b77d8fefc0 000001e00754d193   ...}......T.....
0x000000b77d8fef40:   000000b77d8fef58 000001e0125e1000   X..}......^.....
0x000000b77d8fef50:   000001e007548b18 0000000000000000   ..T.............
0x000000b77d8fef60:   0000000624c03760 0000000623deb938   `7.$....8..#....
0x000000b77d8fef70:   0000000623deb938 fffffffffffffff7   8..#............
0x000000b77d8fef80:   0000000000000000 0000000000000005   ................
0x000000b77d8fef90:   000001e0125e37f8 0000000000000000   .7^.............
0x000000b77d8fefa0:   0000000624c03af0 000001e0125e1000   .:.$......^.....
0x000000b77d8fefb0:   0000000000000000 000000b77d8fefe0   ...........}....
0x000000b77d8fefc0:   000000b77d8ff038 000001e007548cb2   8..}......T.....
0x000000b77d8fefd0:   0000000000000000 000001e00754a75a   ........Z.T.....
0x000000b77d8fefe0:   0000000000000000 0000000623deb938   ........8..#....
0x000000b77d8feff0:   fffffffffffffff7 000001e0125e10a8   ..........^.....
0x000000b77d8ff000:   0000000000000002 000001e0125e37f8   .........7^.....
0x000000b77d8ff010:   0000000000000000 0000000624c03af0   .........:.$....
0x000000b77d8ff020:   000001e0125e10c0 fffffffffffffff5   ..^.............
0x000000b77d8ff030:   000000b77d8ff048 000000b77d8ff098   H..}.......}....
0x000000b77d8ff040:   000001e007548cb2 0000000623deb938   ..T.....8..#....
0x000000b77d8ff050:   fffffffffffffff7 000001e0125a643f   ........?dZ.....
0x000000b77d8ff060:   0000000000000003 000001e0125a7bc0   .........{Z.....

Instructions: (pc=0x00007ffb40f1b2e9)
  0x00007ffb40f1b1e9:   cc cc cc cc cc cc cc 48 89 5c 24 08 48 89 6c 24
  0x00007ffb40f1b1f9:   10 48 89 74 24 18 57 48 83 ec 20 41 8b f8 0f b6
  0x00007ffb40f1b209:   f2 48 8b e9 e8 0e d0 f4 ff 48 8b d8 48 89 44 24
  0x00007ffb40f1b219:   48 41 b8 01 00 00 00 8b d7 48 8b c8 e8 66 cf f4
  0x00007ffb40f1b229:   ff 48 8b c8 44 0f b6 c6 48 8b d5 e8 a7 fa ff ff
  0x00007ffb40f1b239:   48 8b f8 48 8b cb e8 9c d1 f4 ff 90 48 8b c7 48
  0x00007ffb40f1b249:   8b 5c 24 30 48 8b 6c 24 38 48 8b 74 24 40 48 83
  0x00007ffb40f1b259:   c4 20 5f c3 cc cc cc 48 8b 49 28 e9 17 07 00 00
  0x00007ffb40f1b269:   cc cc cc cc cc cc cc 48 89 5c 24 08 57 48 83 ec
  0x00007ffb40f1b279:   20 8b f9 e8 9f cf f4 ff 48 8b d8 48 89 44 24 38
  0x00007ffb40f1b289:   41 b8 01 00 00 00 8b d7 48 8b c8 e8 f7 ce f4 ff
  0x00007ffb40f1b299:   48 8b 08 8b 39 48 8b cb e8 3a d1 f4 ff 90 8b c7
  0x00007ffb40f1b2a9:   48 8b 5c 24 30 48 83 c4 20 5f c3 cc cc cc cc cc
  0x00007ffb40f1b2b9:   cc cc cc cc cc cc cc 48 89 5c 24 08 57 48 83 ec
  0x00007ffb40f1b2c9:   20 8b f9 e8 4f cf f4 ff 48 8b d8 48 89 44 24 38
  0x00007ffb40f1b2d9:   41 b8 01 00 00 00 8b d7 48 8b c8 e8 a7 ce f4 ff
=>0x00007ffb40f1b2e9:   48 8b 78 28 48 8b cb e8 eb d0 f4 ff 90 48 8b c7
  0x00007ffb40f1b2f9:   48 8b 5c 24 30 48 83 c4 20 5f c3 cc cc cc cc cc
  0x00007ffb40f1b309:   cc cc cc cc cc cc cc 48 89 5c 24 08 57 48 83 ec
  0x00007ffb40f1b319:   20 8b f9 e8 ff ce f4 ff 48 8b d8 48 89 44 24 38
  0x00007ffb40f1b329:   41 b8 01 00 00 00 8b d7 48 8b c8 e8 57 ce f4 ff
  0x00007ffb40f1b339:   48 8b 78 30 48 8b cb e8 9b d0 f4 ff 90 48 8b c7
  0x00007ffb40f1b349:   48 8b 5c 24 30 48 83 c4 20 5f c3 cc cc cc cc cc
  0x00007ffb40f1b359:   cc cc cc cc cc cc cc 48 89 5c 24 08 57 48 83 ec
  0x00007ffb40f1b369:   20 8b f9 e8 af ce f4 ff 48 8b d8 48 89 44 24 38
  0x00007ffb40f1b379:   41 b8 01 00 00 00 8b d7 48 8b c8 e8 07 ce f4 ff
  0x00007ffb40f1b389:   48 8b 78 08 48 85 ff 74 07 48 8b bf 08 0c 00 00
  0x00007ffb40f1b399:   48 8b cb e8 3f d0 f4 ff 90 48 8b c7 48 8b 5c 24
  0x00007ffb40f1b3a9:   30 48 83 c4 20 5f c3 f3 0f 10 41 48 c3 cc cc cc
  0x00007ffb40f1b3b9:   cc cc cc cc cc cc cc f3 0f 10 41 4c c3 cc cc cc
  0x00007ffb40f1b3c9:   cc cc cc cc cc cc cc 48 89 5c 24 10 48 89 74 24
  0x00007ffb40f1b3d9:   18 55 57 41 56 48 8d 6c 24 e0 48 81 ec 20 01 00


Stack slot to memory mapping:

stack at sp + 0 slots: 0x00007ffb40f79838 awt.dll
stack at sp + 1 slots: 0x000001e01637ebd0 points into unknown readable memory: 0x000001e01654dee0 | e0 de 54 16 e0 01 00 00
stack at sp + 2 slots: 0x000001e011ad3a20 points into unknown readable memory: 0x0000000624c03f40 | 40 3f c0 24 06 00 00 00
stack at sp + 3 slots: 0x000001e01637ebd0 points into unknown readable memory: 0x000001e01654dee0 | e0 de 54 16 e0 01 00 00
stack at sp + 4 slots: 0x000001e0166ff578 points into unknown readable memory: 0x00007ffacc6a6dc0 | c0 6d 6a cc fa 7f 00 00
stack at sp + 5 slots: 0x00007ffb40f1a6ba awt.dll
stack at sp + 6 slots: 0x000001e01637ebd0 points into unknown readable memory: 0x000001e01654dee0 | e0 de 54 16 e0 01 00 00
stack at sp + 7 slots: 0x000001e01637ebd0 points into unknown readable memory: 0x000001e01654dee0 | e0 de 54 16 e0 01 00 00

Lock stack of current Java thread (top to bottom):

native method entry point (kind = native)  [0x000001e00754cdc0, 0x000001e00754d8b8]  2808 bytes
[MachCode]
  0x000001e00754cdc0: 488b 4b08 | 0fb7 492e | 584c 8d74 | ccf8 6800 | 0000 0068 | 0000 0000 | 5055 488b | ec41 5548 
  0x000001e00754cde0: 8b43 084c | 8d68 3848 | 8b40 0868 | 0000 0000 | 5348 8b50 | 1848 8b52 | 7048 8b12 | 5248 8b53 
  0x000001e00754ce00: 1048 85d2 | 7407 4881 | c2d0 0000 | 0052 488b | 5010 5249 | 8bc6 482b | c548 c1e8 | 0350 6800 
  0x000001e00754ce20: 0000 0068 | f7ff ffff | 41c6 87f1 | 0400 0001 | 488b 4310 | 4885 c074 | 208b 8890 | 0000 0083 
  0x000001e00754ce40: c102 8988 | 9000 0000 | 2388 a400 | 0000 0f84 | b209 0000 | e9cf 0000 | 0048 8b43 | 1848 85c0 
  0x000001e00754ce60: 0f85 b000 | 0000 e805 | 0000 00e9 | 9900 0000 | 488b d348 | 8d44 2408 | 4c89 6dc0 | 498b cfc5 
  0x000001e00754ce80: f877 4989 | af38 0400 | 0049 8987 | 2804 0000 | 4883 ec20 | 40f6 c40f | 0f84 1900 | 0000 4883 
  0x000001e00754cea0: ec08 48b8 | 3048 d7cb | fa7f 0000 | ffd0 4883 | c408 e90c | 0000 0048 | b830 48d7 | cbfa 7f00 
  0x000001e00754cec0: 00ff d048 | 83c4 2049 | c787 2804 | 0000 0000 | 0000 49c7 | 8738 0400 | 0000 0000 | 0049 c787 
  0x000001e00754cee0: 3004 0000 | 0000 0000 | c5f8 7749 | 837f 0800 | 0f84 0500 | 0000 e9e5 | 42ff ff4c | 8b6d c04c 
  0x000001e00754cf00: 8b75 c84e | 8d74 f500 | c348 8b43 | 1848 85c0 | 0f84 1200 | 0000 8b48 | 0883 c102 | 8948 0823 
  0x000001e00754cf20: 482c 0f84 | de08 0000 | 493b a770 | 0500 000f | 8748 0000 | 0089 8424 | 00f0 ffff | 8984 2400 
  0x000001e00754cf40: e0ff ff89 | 8424 00d0 | ffff 8984 | 2400 c0ff | ff89 8424 | 00b0 ffff | 8984 2400 | a0ff ff89 
  0x000001e00754cf60: 8424 0090 | ffff 8984 | 2400 80ff | ff49 3ba7 | 6805 0000 | 7607 4989 | a770 0500 | 0041 c687 
  0x000001e00754cf80: f104 0000 | 0048 8b5d | e84c 8b5b | 0845 0fb7 | 5b2e 41c1 | e303 492b | e348 83ec | 2048 83e4 
  0x000001e00754cfa0: f04c 8b5b | 604d 85db | 0f85 ab00 | 0000 e805 | 0000 00e9 | 9900 0000 | 488b d348 | 8d44 2408 
  0x000001e00754cfc0: 4c89 6dc0 | 498b cfc5 | f877 4989 | af38 0400 | 0049 8987 | 2804 0000 | 4883 ec20 | 40f6 c40f 
  0x000001e00754cfe0: 0f84 1900 | 0000 4883 | ec08 48b8 | 6071 d7cb | fa7f 0000 | ffd0 4883 | c408 e90c | 0000 0048 
  0x000001e00754d000: b860 71d7 | cbfa 7f00 | 00ff d048 | 83c4 2049 | c787 2804 | 0000 0000 | 0000 49c7 | 8738 0400 
  0x000001e00754d020: 0000 0000 | 0049 c787 | 3004 0000 | 0000 0000 | c5f8 7749 | 837f 0800 | 0f84 0500 | 0000 e99d 
  0x000001e00754d040: 41ff ff4c | 8b6d c04c | 8b75 c84e | 8d74 f500 | c348 8b5d | e84c 8b5b | 6041 ffd3 | 488b 5de8 
  0x000001e00754d060: 4889 4518 | 440f b75b | 2c41 f6c3 | 080f 841b | 0000 004c | 8b5b 084d | 8b5b 084d | 8b5b 184d 
  0x000001e00754d080: 8b5b 704d | 8b1b 4c89 | 5d10 488d | 5510 488b | 4358 49ba | 905f 12cc | fa7f 0000 | 493b c20f 
  0x000001e00754d0a0: 85ab 0000 | 00e8 0500 | 0000 e999 | 0000 0048 | 8bd3 488d | 4424 084c | 896d c049 | 8bcf c5f8 
  0x000001e00754d0c0: 7749 89af | 3804 0000 | 4989 8728 | 0400 0048 | 83ec 2040 | f6c4 0f0f | 8419 0000 | 0048 83ec 
  0x000001e00754d0e0: 0848 b860 | 71d7 cbfa | 7f00 00ff | d048 83c4 | 08e9 0c00 | 0000 48b8 | 6071 d7cb | fa7f 0000 
  0x000001e00754d100: ffd0 4883 | c420 49c7 | 8728 0400 | 0000 0000 | 0049 c787 | 3804 0000 | 0000 0000 | 49c7 8730 
  0x000001e00754d120: 0400 0000 | 0000 00c5 | f877 4983 | 7f08 000f | 8405 0000 | 00e9 a640 | ffff 4c8b | 6dc0 4c8b 
  0x000001e00754d140: 75c8 4e8d | 74f5 00c3 | 488b 5de8 | 488b 4358 | 498d 8f48 | 0400 004c | 8d15 d500 | 0000 4d89 
  0x000001e00754d160: 9730 0400 | 00c5 f877 | 4989 af38 | 0400 0049 | 89a7 2804 | 0000 41c7 | 87d4 0400 | 0004 0000 
  0x000001e00754d180: 0049 3ba7 | c805 0000 | 7607 4989 | a7c8 0500 | 00ff d049 | 3ba7 c805 | 0000 720b | 49c7 87c8 
  0x000001e00754d1a0: 0500 0000 | 0000 00c5 | f877 4883 | ec10 c5fb | 1104 2448 | 83ec 1048 | 8904 2448 | c744 2408 
  0x000001e00754d1c0: 0000 0000 | 41c7 87d4 | 0400 0005 | 0000 00f0 | 8344 24c0 | 0049 3b6f | 280f 870e | 0000 0041 
  0x000001e00754d1e0: 83bf d004 | 0000 000f | 8420 0000 | 0049 8bcf | 4c8b e448 | 83ec 2048 | 83e4 f048 | b8e0 d8d8 
  0x000001e00754d200: cbfa 7f00 | 00ff d049 | 8be4 4d33 | e441 c787 | d404 0000 | 0800 0000 | 4d8b 97f0 | 0500 0049 
  0x000001e00754d220: 83fa 0074 | 3549 c787 | f005 0000 | 0000 0000 | 41ff e249 | ba60 be54 | 07e0 0100 | 0041 ffd2 
  0x000001e00754d240: 4883 ec10 | c5fb 1104 | 2448 83ec | 1048 8904 | 2448 c744 | 2408 0000 | 0000 49c7 | 8728 0400 
  0x000001e00754d260: 0000 0000 | 0049 c787 | 3804 0000 | 0000 0000 | 49c7 8730 | 0400 0000 | 0000 00c5 | f877 4d8b 
  0x000001e00754d280: 9fb8 0400 | 0041 c783 | 0001 0000 | 0000 0000 | 49bb 5aa7 | 5407 e001 | 0000 4c3b | 5d18 0f85 
  0x000001e00754d2a0: 5501 0000 | 488b 0424 | 4883 c410 | 4885 c00f | 842f 0100 | 00a8 030f | 8508 0000 | 0048 8b00 
  0x000001e00754d2c0: e91f 0100 | 00a8 010f | 8509 0000 | 0048 8b40 | fee9 0e01 | 0000 488b | 40ff 4180 | 7f48 000f 
  0x000001e00754d2e0: 84ff 0000 | 0048 83f8 | 000f 84f5 | 0000 004d | 8b5f 384d | 85db 0f84 | 1400 0000 | 4983 eb08 
  0x000001e00754d300: 4d89 5f38 | 4d03 5f40 | 4989 03e9 | d400 0000 | 4883 ec70 | 4889 0424 | 4889 4c24 | 0848 8954 
  0x000001e00754d320: 2410 4c89 | 4424 184c | 894c 2420 | 4c89 5424 | 284c 895c | 2430 c5fb | 1144 2440 | c5fb 114c 
  0x000001e00754d340: 2448 c5fb | 1154 2450 | c5fb 115c | 2458 c5fb | 1164 2460 | c5fb 116c | 2468 498b | d748 8bc8 
  0x000001e00754d360: 4883 ec20 | 40f6 c40f | 0f84 1900 | 0000 4883 | ec08 48b8 | 0095 cbcb | fa7f 0000 | ffd0 4883 
  0x000001e00754d380: c408 e90c | 0000 0048 | b800 95cb | cbfa 7f00 | 00ff d048 | 83c4 20c5 | fb10 6c24 | 68c5 fb10 
  0x000001e00754d3a0: 6424 60c5 | fb10 5c24 | 58c5 fb10 | 5424 50c5 | fb10 4c24 | 48c5 fb10 | 4424 404c | 8b5c 2430 
  0x000001e00754d3c0: 4c8b 5424 | 284c 8b4c | 2420 4c8b | 4424 1848 | 8b54 2410 | 488b 4c24 | 0848 8b04 | 2448 83c4 
  0x000001e00754d3e0: 70c5 f877 | 4889 4510 | 4883 ec10 | 4889 0424 | 48c7 4424 | 0800 0000 | 0041 83bf | 5005 0000 
  0x000001e00754d400: 020f 85bf | 0000 0048 | 81ec 8000 | 0000 4889 | 4424 7848 | 894c 2470 | 4889 5424 | 6848 895c 
  0x000001e00754d420: 2460 4889 | 6c24 5048 | 8974 2448 | 4889 7c24 | 404c 8944 | 2438 4c89 | 4c24 304c | 8954 2428 
  0x000001e00754d440: 4c89 5c24 | 204c 8964 | 2418 4c89 | 6c24 104c | 8974 2408 | 4c89 3c24 | 4c8b e448 | 83ec 2048 
  0x000001e00754d460: 83e4 f048 | b800 4712 | ccfa 7f00 | 00ff d049 | 8be4 4c8b | 3c24 4c8b | 7424 084c | 8b6c 2410 
  0x000001e00754d480: 4c8b 6424 | 184c 8b5c | 2420 4c8b | 5424 284c | 8b4c 2430 | 4c8b 4424 | 3848 8b7c | 2440 488b 
  0x000001e00754d4a0: 7424 4848 | 8b6c 2450 | 488b 5c24 | 6048 8b54 | 2468 488b | 4c24 7048 | 8b44 2478 | 4881 c480 
  0x000001e00754d4c0: 0000 004d | 33e4 488b | 5de8 4c8b | 6b08 4d8d | 6d38 4983 | 7f08 000f | 84bb 0000 | 00e8 0500 
  0x000001e00754d4e0: 0000 e996 | 0000 0048 | 8d44 2408 | 4c89 6dc0 | 498b cfc5 | f877 4989 | af38 0400 | 0049 8987 
  0x000001e00754d500: 2804 0000 | 4883 ec20 | 40f6 c40f | 0f84 1900 | 0000 4883 | ec08 48b8 | a08f d7cb | fa7f 0000 
  0x000001e00754d520: ffd0 4883 | c408 e90c | 0000 0048 | b8a0 8fd7 | cbfa 7f00 | 00ff d048 | 83c4 2049 | c787 2804 
  0x000001e00754d540: 0000 0000 | 0000 49c7 | 8738 0400 | 0000 0000 | 0049 c787 | 3004 0000 | 0000 0000 | c5f8 7749 
  0x000001e00754d560: 837f 0800 | 0f84 0500 | 0000 e971 | 3cff ff4c | 8b6d c04c | 8b75 c84e | 8d74 f500 | c348 b940 
  0x000001e00754d580: 7144 ccfa | 7f00 0048 | 83e4 f048 | b8a0 b8fe | cbfa 7f00 | 00ff d0f4 | 440f b75b | 2c41 f6c3 
  0x000001e00754d5a0: 200f 8472 | 0100 0048 | 8d55 a84c | 8b5a 084d | 85db 0f85 | bb00 0000 | e805 0000 | 00e9 9600 
  0x000001e00754d5c0: 0000 488d | 4424 084c | 896d c049 | 8bcf c5f8 | 7749 89af | 3804 0000 | 4989 8728 | 0400 0048 
  0x000001e00754d5e0: 83ec 2040 | f6c4 0f0f | 8419 0000 | 0048 83ec | 0848 b8d0 | 8ed7 cbfa | 7f00 00ff | d048 83c4 
  0x000001e00754d600: 08e9 0c00 | 0000 48b8 | d08e d7cb | fa7f 0000 | ffd0 4883 | c420 49c7 | 8728 0400 | 0000 0000 
  0x000001e00754d620: 0049 c787 | 3804 0000 | 0000 0000 | 49c7 8730 | 0400 0000 | 0000 00c5 | f877 4983 | 7f08 000f 
  0x000001e00754d640: 8405 0000 | 00e9 963b | ffff 4c8b | 6dc0 4c8b | 75c8 4e8d | 74f5 00c3 | 48b9 4071 | 44cc fa7f 
  0x000001e00754d660: 0000 4883 | e4f0 48b8 | a0b8 fecb | fa7f 0000 | ffd0 f44c | 896d c04c | 8b4a 0848 | c742 0800 
  0x000001e00754d680: 0000 0045 | 8b87 d806 | 0000 4f3b | 4c07 f80f | 8542 0000 | 0041 83af | d806 0000 | 084f 3b4c 
  0x000001e00754d6a0: 07f0 0f84 | 2a00 0000 | 498b 01a8 | 020f 8512 | 0000 004c | 8bc0 4983 | c801 f04d | 0fb1 010f 
  0x000001e00754d6c0: 840d 0000 | 0041 8387 | d806 0000 | 08e9 0500 | 0000 e93e | 0000 004c | 894a 0848 | 8bca 4883 
  0x000001e00754d6e0: ec20 40f6 | c40f 0f84 | 1900 0000 | 4883 ec08 | 48b8 2061 | d7cb fa7f | 0000 ffd0 | 4883 c408 
  0x000001e00754d700: e90c 0000 | 0048 b820 | 61d7 cbfa | 7f00 00ff | d048 83c4 | 204c 8b6d | c041 c687 | 9603 0000 
  0x000001e00754d720: 0149 3b6f | 280f 8705 | 0000 00e9 | ab00 0000 | 4883 ec10 | c5fb 1104 | 2448 83ec | 1048 8904 
  0x000001e00754d740: 2448 c744 | 2408 0000 | 0000 c5f8 | 7749 89af | 3804 0000 | 49ba 4ad7 | 5407 e001 | 0000 4d89 
  0x000001e00754d760: 9730 0400 | 0049 89a7 | 2804 0000 | 498b cf48 | 83ec 2040 | f6c4 0f0f | 8419 0000 | 0048 83ec 
  0x000001e00754d780: 0848 b8c0 | 47d7 cbfa | 7f00 00ff | d048 83c4 | 08e9 0c00 | 0000 48b8 | c047 d7cb | fa7f 0000 
  0x000001e00754d7a0: ffd0 4883 | c420 49c7 | 8728 0400 | 0000 0000 | 0049 c787 | 3804 0000 | 0000 0000 | 49c7 8730 
  0x000001e00754d7c0: 0400 0000 | 0000 00c5 | f877 488b | 0424 4883 | c410 c5fb | 1004 2448 | 83c4 1048 | 8b04 2448 
  0x000001e00754d7e0: 83c4 10c5 | fb10 0424 | 4883 c410 | 4c8b 5d18 | 41ff d34c | 8b5d f8c9 | 41c6 8796 | 0300 0000 
  0x000001e00754d800: 5f49 8be3 | ffe7 ba00 | 0000 00e8 | 0500 0000 | e996 0000 | 0048 8d44 | 2408 4c89 | 6dc0 498b 
  0x000001e00754d820: cfc5 f877 | 4989 af38 | 0400 0049 | 8987 2804 | 0000 4883 | ec20 40f6 | c40f 0f84 | 1900 0000 
  0x000001e00754d840: 4883 ec08 | 48b8 1057 | d7cb fa7f | 0000 ffd0 | 4883 c408 | e90c 0000 | 0048 b810 | 57d7 cbfa 
  0x000001e00754d860: 7f00 00ff | d048 83c4 | 2049 c787 | 2804 0000 | 0000 0000 | 49c7 8738 | 0400 0000 | 0000 0049 
  0x000001e00754d880: c787 3004 | 0000 0000 | 0000 c5f8 | 7749 837f | 0800 0f84 | 0500 0000 | e943 39ff | ff4c 8b6d 
  0x000001e00754d8a0: c04c 8b75 | c84e 8d74 | f500 c348 | 8b5d e8e9 | 74f6 ffff | 0f1f 4000 
[/MachCode]

---------------  P R O C E S S  ---------------

Threads class SMR info:
_java_thread_list=0x000001e01667f7c0, length=17, elements={
0x000001e06d12b520, 0x000001e07ff1b9a0, 0x000001e07ff1c2b0, 0x000001e07ff1e600,
0x000001e07ff205e0, 0x000001e07ff23100, 0x000001e07ff23cc0, 0x000001e07ff29160,
0x000001e07ff2e9a0, 0x000001e01196a820, 0x000001e0119776a0, 0x000001e016716320,
0x000001e016726130, 0x000001e016741af0, 0x000001e01674eaa0, 0x000001e0166fc250,
0x000001e0166ff130
}

Java Threads: ( => current thread )
  0x000001e06d12b520 JavaThread "main"                              [_thread_blocked, id=37948, stack(0x000000b77da00000,0x000000b77db00000) (1024K)]
  0x000001e07ff1b9a0 JavaThread "Reference Handler"          daemon [_thread_blocked, id=27640, stack(0x000000b77e200000,0x000000b77e300000) (1024K)]
  0x000001e07ff1c2b0 JavaThread "Finalizer"                  daemon [_thread_blocked, id=38140, stack(0x000000b77e300000,0x000000b77e400000) (1024K)]
  0x000001e07ff1e600 JavaThread "Signal Dispatcher"          daemon [_thread_blocked, id=34204, stack(0x000000b77e400000,0x000000b77e500000) (1024K)]
  0x000001e07ff205e0 JavaThread "Attach Listener"            daemon [_thread_blocked, id=41736, stack(0x000000b77e500000,0x000000b77e600000) (1024K)]
  0x000001e07ff23100 JavaThread "Service Thread"             daemon [_thread_blocked, id=44916, stack(0x000000b77e600000,0x000000b77e700000) (1024K)]
  0x000001e07ff23cc0 JavaThread "Monitor Deflation Thread"   daemon [_thread_blocked, id=12128, stack(0x000000b77e700000,0x000000b77e800000) (1024K)]
  0x000001e07ff29160 JavaThread "C2 CompilerThread0"         daemon [_thread_blocked, id=12916, stack(0x000000b77e800000,0x000000b77e900000) (1024K)]
  0x000001e07ff2e9a0 JavaThread "C1 CompilerThread0"         daemon [_thread_blocked, id=42796, stack(0x000000b77e900000,0x000000b77ea00000) (1024K)]
  0x000001e01196a820 JavaThread "Notification Thread"        daemon [_thread_blocked, id=1988, stack(0x000000b77ea00000,0x000000b77eb00000) (1024K)]
  0x000001e0119776a0 JavaThread "Common-Cleaner"             daemon [_thread_blocked, id=24476, stack(0x000000b77eb00000,0x000000b77ec00000) (1024K)]
  0x000001e016716320 JavaThread "idle-timeout-task"          daemon [_thread_blocked, id=8396, stack(0x000000b77ed00000,0x000000b77ee00000) (1024K)]
  0x000001e016726130 JavaThread "HTTP-Dispatcher"                   [_thread_in_native, id=24688, stack(0x000000b77ee00000,0x000000b77ef00000) (1024K)]
  0x000001e016741af0 JavaThread "Java2D Disposer"            daemon [_thread_blocked, id=29780, stack(0x000000b77ef00000,0x000000b77f000000) (1024K)]
  0x000001e01674eaa0 JavaThread "AWT-Windows"                daemon [_thread_in_native, id=30604, stack(0x000000b77f100000,0x000000b77f200000) (1024K)]
  0x000001e0166fc250 JavaThread "AWT-Shutdown"                      [_thread_blocked, id=47968, stack(0x000000b77d700000,0x000000b77d800000) (1024K)]
=>0x000001e0166ff130 JavaThread "AWT-EventQueue-0"                  [_thread_in_native, id=48808, stack(0x000000b77d800000,0x000000b77d900000) (1024K)]
Total: 17

Other Threads:
  0x000001e07ff04e80 VMThread "VM Thread"                           [id=14520, stack(0x000000b77e100000,0x000000b77e200000) (1024K)]
  0x000001e07fef3950 WatcherThread "VM Periodic Task Thread"        [id=28920, stack(0x000000b77e000000,0x000000b77e100000) (1024K)]
  0x000001e06d1da230 WorkerThread "GC Thread#0"                     [id=32580, stack(0x000000b77db00000,0x000000b77dc00000) (1024K)]
  0x000001e07fd63eb0 ConcurrentGCThread "G1 Main Marker"            [id=6688, stack(0x000000b77dc00000,0x000000b77dd00000) (1024K)]
  0x000001e07fd661d0 WorkerThread "G1 Conc#0"                       [id=28468, stack(0x000000b77dd00000,0x000000b77de00000) (1024K)]
  0x000001e07fdbdbe0 ConcurrentGCThread "G1 Refine#0"               [id=25512, stack(0x000000b77de00000,0x000000b77df00000) (1024K)]
  0x000001e07fdbe7f0 ConcurrentGCThread "G1 Service"                [id=42864, stack(0x000000b77df00000,0x000000b77e000000) (1024K)]
Total: 7

Threads with active compile tasks:
Total: 0

VM state: not at safepoint (normal execution)

VM Mutex/Monitor currently owned by a thread: None

Heap address: 0x0000000606c00000, size: 8084 MB, Compressed Oops mode: Zero based, Oop shift amount: 3

CDS archive(s) mapped at: [0x000000000e000000-0x000000000edb0000-0x000000000edb0000), size 14352384, SharedBaseAddress: 0x000000000e000000, ArchiveRelocationMode: 1.
Compressed class space mapped at: 0x000000000f000000-0x000000004f000000, reserved size: 1073741824
UseCompressedClassPointers 1, UseCompactObjectHeaders 0
Narrow klass pointer bits 32, Max shift 3
Narrow klass base: 0x000000000e000000, Narrow klass shift: 0
Encoding Range: [0x000000000e000000 - 0x000000010e000000), (4294967296 bytes)
Klass Range:    [0x000000000e010000 - 0x000000004f000000), (1090453504 bytes)
Klass ID Range:  [65536 - 1090519033) (1090453497)
Protection zone: [0x000000000e000000 - 0x000000000e010000), (65536 bytes)

GC Precious Log:
 CardTable entry size: 512
 Card Set container configuration: InlinePtr #cards 4 size 8 Array Of Cards #cards 32 size 80 Howl #buckets 8 coarsen threshold 7372 Howl Bitmap #cards 1024 size 144 coarsen threshold 921 Card regions per heap region 1 cards per card region 8192
 CPUs: 8 total, 8 available
 Memory: 32325M
 Large Page Support: Disabled
 NUMA Support: Disabled
 Compressed Oops: Enabled (Zero based)
 Heap Region Size: 4M
 Heap Min Capacity: 8M
 Heap Initial Capacity: 508M
 Heap Max Capacity: 8084M
 Pre-touch: Disabled
 Parallel Workers: 8
 Concurrent Workers: 2
 Concurrent Refinement Workers: 8
 Periodic GC: Disabled

Heap:
 garbage-first heap   total reserved 8278016K, committed 524288K, used 42134K [0x0000000606c00000, 0x0000000800000000)
  region size 4096K, 11 young (45056K), 0 survivors (0K)

Heap Regions: E=young(eden), S=young(survivor), O=old, HS=humongous(starts), HC=humongous(continues), CS=collection set, F=free, TAMS=top-at-mark-start, PB=parsable bottom
|   0|0x0000000606c00000, 0x0000000606c00000, 0x0000000607000000|  0%| F|  |TAMS 0x0000000606c00000| PB 0x0000000606c00000| Untracked |  0
|   1|0x0000000607000000, 0x0000000607000000, 0x0000000607400000|  0%| F|  |TAMS 0x0000000607000000| PB 0x0000000607000000| Untracked |  0
|   2|0x0000000607400000, 0x0000000607400000, 0x0000000607800000|  0%| F|  |TAMS 0x0000000607400000| PB 0x0000000607400000| Untracked |  0
|   3|0x0000000607800000, 0x0000000607800000, 0x0000000607c00000|  0%| F|  |TAMS 0x0000000607800000| PB 0x0000000607800000| Untracked |  0
|   4|0x0000000607c00000, 0x0000000607c00000, 0x0000000608000000|  0%| F|  |TAMS 0x0000000607c00000| PB 0x0000000607c00000| Untracked |  0
|   5|0x0000000608000000, 0x0000000608000000, 0x0000000608400000|  0%| F|  |TAMS 0x0000000608000000| PB 0x0000000608000000| Untracked |  0
|   6|0x0000000608400000, 0x0000000608400000, 0x0000000608800000|  0%| F|  |TAMS 0x0000000608400000| PB 0x0000000608400000| Untracked |  0
|   7|0x0000000608800000, 0x0000000608800000, 0x0000000608c00000|  0%| F|  |TAMS 0x0000000608800000| PB 0x0000000608800000| Untracked |  0
|   8|0x0000000608c00000, 0x0000000608c00000, 0x0000000609000000|  0%| F|  |TAMS 0x0000000608c00000| PB 0x0000000608c00000| Untracked |  0
|   9|0x0000000609000000, 0x0000000609000000, 0x0000000609400000|  0%| F|  |TAMS 0x0000000609000000| PB 0x0000000609000000| Untracked |  0
|  10|0x0000000609400000, 0x0000000609400000, 0x0000000609800000|  0%| F|  |TAMS 0x0000000609400000| PB 0x0000000609400000| Untracked |  0
|  11|0x0000000609800000, 0x0000000609800000, 0x0000000609c00000|  0%| F|  |TAMS 0x0000000609800000| PB 0x0000000609800000| Untracked |  0
|  12|0x0000000609c00000, 0x0000000609c00000, 0x000000060a000000|  0%| F|  |TAMS 0x0000000609c00000| PB 0x0000000609c00000| Untracked |  0
|  13|0x000000060a000000, 0x000000060a000000, 0x000000060a400000|  0%| F|  |TAMS 0x000000060a000000| PB 0x000000060a000000| Untracked |  0
|  14|0x000000060a400000, 0x000000060a400000, 0x000000060a800000|  0%| F|  |TAMS 0x000000060a400000| PB 0x000000060a400000| Untracked |  0
|  15|0x000000060a800000, 0x000000060a800000, 0x000000060ac00000|  0%| F|  |TAMS 0x000000060a800000| PB 0x000000060a800000| Untracked |  0
|  16|0x000000060ac00000, 0x000000060ac00000, 0x000000060b000000|  0%| F|  |TAMS 0x000000060ac00000| PB 0x000000060ac00000| Untracked |  0
|  17|0x000000060b000000, 0x000000060b000000, 0x000000060b400000|  0%| F|  |TAMS 0x000000060b000000| PB 0x000000060b000000| Untracked |  0
|  18|0x000000060b400000, 0x000000060b400000, 0x000000060b800000|  0%| F|  |TAMS 0x000000060b400000| PB 0x000000060b400000| Untracked |  0
|  19|0x000000060b800000, 0x000000060b800000, 0x000000060bc00000|  0%| F|  |TAMS 0x000000060b800000| PB 0x000000060b800000| Untracked |  0
|  20|0x000000060bc00000, 0x000000060bc00000, 0x000000060c000000|  0%| F|  |TAMS 0x000000060bc00000| PB 0x000000060bc00000| Untracked |  0
|  21|0x000000060c000000, 0x000000060c000000, 0x000000060c400000|  0%| F|  |TAMS 0x000000060c000000| PB 0x000000060c000000| Untracked |  0
|  22|0x000000060c400000, 0x000000060c400000, 0x000000060c800000|  0%| F|  |TAMS 0x000000060c400000| PB 0x000000060c400000| Untracked |  0
|  23|0x000000060c800000, 0x000000060c800000, 0x000000060cc00000|  0%| F|  |TAMS 0x000000060c800000| PB 0x000000060c800000| Untracked |  0
|  24|0x000000060cc00000, 0x000000060cc00000, 0x000000060d000000|  0%| F|  |TAMS 0x000000060cc00000| PB 0x000000060cc00000| Untracked |  0
|  25|0x000000060d000000, 0x000000060d000000, 0x000000060d400000|  0%| F|  |TAMS 0x000000060d000000| PB 0x000000060d000000| Untracked |  0
|  26|0x000000060d400000, 0x000000060d400000, 0x000000060d800000|  0%| F|  |TAMS 0x000000060d400000| PB 0x000000060d400000| Untracked |  0
|  27|0x000000060d800000, 0x000000060d800000, 0x000000060dc00000|  0%| F|  |TAMS 0x000000060d800000| PB 0x000000060d800000| Untracked |  0
|  28|0x000000060dc00000, 0x000000060dc00000, 0x000000060e000000|  0%| F|  |TAMS 0x000000060dc00000| PB 0x000000060dc00000| Untracked |  0
|  29|0x000000060e000000, 0x000000060e000000, 0x000000060e400000|  0%| F|  |TAMS 0x000000060e000000| PB 0x000000060e000000| Untracked |  0
|  30|0x000000060e400000, 0x000000060e400000, 0x000000060e800000|  0%| F|  |TAMS 0x000000060e400000| PB 0x000000060e400000| Untracked |  0
|  31|0x000000060e800000, 0x000000060e800000, 0x000000060ec00000|  0%| F|  |TAMS 0x000000060e800000| PB 0x000000060e800000| Untracked |  0
|  32|0x000000060ec00000, 0x000000060ec00000, 0x000000060f000000|  0%| F|  |TAMS 0x000000060ec00000| PB 0x000000060ec00000| Untracked |  0
|  33|0x000000060f000000, 0x000000060f000000, 0x000000060f400000|  0%| F|  |TAMS 0x000000060f000000| PB 0x000000060f000000| Untracked |  0
|  34|0x000000060f400000, 0x000000060f400000, 0x000000060f800000|  0%| F|  |TAMS 0x000000060f400000| PB 0x000000060f400000| Untracked |  0
|  35|0x000000060f800000, 0x000000060f800000, 0x000000060fc00000|  0%| F|  |TAMS 0x000000060f800000| PB 0x000000060f800000| Untracked |  0
|  36|0x000000060fc00000, 0x000000060fc00000, 0x0000000610000000|  0%| F|  |TAMS 0x000000060fc00000| PB 0x000000060fc00000| Untracked |  0
|  37|0x0000000610000000, 0x0000000610000000, 0x0000000610400000|  0%| F|  |TAMS 0x0000000610000000| PB 0x0000000610000000| Untracked |  0
|  38|0x0000000610400000, 0x0000000610400000, 0x0000000610800000|  0%| F|  |TAMS 0x0000000610400000| PB 0x0000000610400000| Untracked |  0
|  39|0x0000000610800000, 0x0000000610800000, 0x0000000610c00000|  0%| F|  |TAMS 0x0000000610800000| PB 0x0000000610800000| Untracked |  0
|  40|0x0000000610c00000, 0x0000000610c00000, 0x0000000611000000|  0%| F|  |TAMS 0x0000000610c00000| PB 0x0000000610c00000| Untracked |  0
|  41|0x0000000611000000, 0x0000000611000000, 0x0000000611400000|  0%| F|  |TAMS 0x0000000611000000| PB 0x0000000611000000| Untracked |  0
|  42|0x0000000611400000, 0x0000000611400000, 0x0000000611800000|  0%| F|  |TAMS 0x0000000611400000| PB 0x0000000611400000| Untracked |  0
|  43|0x0000000611800000, 0x0000000611800000, 0x0000000611c00000|  0%| F|  |TAMS 0x0000000611800000| PB 0x0000000611800000| Untracked |  0
|  44|0x0000000611c00000, 0x0000000611c00000, 0x0000000612000000|  0%| F|  |TAMS 0x0000000611c00000| PB 0x0000000611c00000| Untracked |  0
|  45|0x0000000612000000, 0x0000000612000000, 0x0000000612400000|  0%| F|  |TAMS 0x0000000612000000| PB 0x0000000612000000| Untracked |  0
|  46|0x0000000612400000, 0x0000000612400000, 0x0000000612800000|  0%| F|  |TAMS 0x0000000612400000| PB 0x0000000612400000| Untracked |  0
|  47|0x0000000612800000, 0x0000000612800000, 0x0000000612c00000|  0%| F|  |TAMS 0x0000000612800000| PB 0x0000000612800000| Untracked |  0
|  48|0x0000000612c00000, 0x0000000612c00000, 0x0000000613000000|  0%| F|  |TAMS 0x0000000612c00000| PB 0x0000000612c00000| Untracked |  0
|  49|0x0000000613000000, 0x0000000613000000, 0x0000000613400000|  0%| F|  |TAMS 0x0000000613000000| PB 0x0000000613000000| Untracked |  0
|  50|0x0000000613400000, 0x0000000613400000, 0x0000000613800000|  0%| F|  |TAMS 0x0000000613400000| PB 0x0000000613400000| Untracked |  0
|  51|0x0000000613800000, 0x0000000613800000, 0x0000000613c00000|  0%| F|  |TAMS 0x0000000613800000| PB 0x0000000613800000| Untracked |  0
|  52|0x0000000613c00000, 0x0000000613c00000, 0x0000000614000000|  0%| F|  |TAMS 0x0000000613c00000| PB 0x0000000613c00000| Untracked |  0
|  53|0x0000000614000000, 0x0000000614000000, 0x0000000614400000|  0%| F|  |TAMS 0x0000000614000000| PB 0x0000000614000000| Untracked |  0
|  54|0x0000000614400000, 0x0000000614400000, 0x0000000614800000|  0%| F|  |TAMS 0x0000000614400000| PB 0x0000000614400000| Untracked |  0
|  55|0x0000000614800000, 0x0000000614800000, 0x0000000614c00000|  0%| F|  |TAMS 0x0000000614800000| PB 0x0000000614800000| Untracked |  0
|  56|0x0000000614c00000, 0x0000000614c00000, 0x0000000615000000|  0%| F|  |TAMS 0x0000000614c00000| PB 0x0000000614c00000| Untracked |  0
|  57|0x0000000615000000, 0x0000000615000000, 0x0000000615400000|  0%| F|  |TAMS 0x0000000615000000| PB 0x0000000615000000| Untracked |  0
|  58|0x0000000615400000, 0x0000000615400000, 0x0000000615800000|  0%| F|  |TAMS 0x0000000615400000| PB 0x0000000615400000| Untracked |  0
|  59|0x0000000615800000, 0x0000000615800000, 0x0000000615c00000|  0%| F|  |TAMS 0x0000000615800000| PB 0x0000000615800000| Untracked |  0
|  60|0x0000000615c00000, 0x0000000615c00000, 0x0000000616000000|  0%| F|  |TAMS 0x0000000615c00000| PB 0x0000000615c00000| Untracked |  0
|  61|0x0000000616000000, 0x0000000616000000, 0x0000000616400000|  0%| F|  |TAMS 0x0000000616000000| PB 0x0000000616000000| Untracked |  0
|  62|0x0000000616400000, 0x0000000616400000, 0x0000000616800000|  0%| F|  |TAMS 0x0000000616400000| PB 0x0000000616400000| Untracked |  0
|  63|0x0000000616800000, 0x0000000616800000, 0x0000000616c00000|  0%| F|  |TAMS 0x0000000616800000| PB 0x0000000616800000| Untracked |  0
|  64|0x0000000616c00000, 0x0000000616c00000, 0x0000000617000000|  0%| F|  |TAMS 0x0000000616c00000| PB 0x0000000616c00000| Untracked |  0
|  65|0x0000000617000000, 0x0000000617000000, 0x0000000617400000|  0%| F|  |TAMS 0x0000000617000000| PB 0x0000000617000000| Untracked |  0
|  66|0x0000000617400000, 0x0000000617400000, 0x0000000617800000|  0%| F|  |TAMS 0x0000000617400000| PB 0x0000000617400000| Untracked |  0
|  67|0x0000000617800000, 0x0000000617800000, 0x0000000617c00000|  0%| F|  |TAMS 0x0000000617800000| PB 0x0000000617800000| Untracked |  0
|  68|0x0000000617c00000, 0x0000000617c00000, 0x0000000618000000|  0%| F|  |TAMS 0x0000000617c00000| PB 0x0000000617c00000| Untracked |  0
|  69|0x0000000618000000, 0x0000000618000000, 0x0000000618400000|  0%| F|  |TAMS 0x0000000618000000| PB 0x0000000618000000| Untracked |  0
|  70|0x0000000618400000, 0x0000000618400000, 0x0000000618800000|  0%| F|  |TAMS 0x0000000618400000| PB 0x0000000618400000| Untracked |  0
|  71|0x0000000618800000, 0x0000000618800000, 0x0000000618c00000|  0%| F|  |TAMS 0x0000000618800000| PB 0x0000000618800000| Untracked |  0
|  72|0x0000000618c00000, 0x0000000618c00000, 0x0000000619000000|  0%| F|  |TAMS 0x0000000618c00000| PB 0x0000000618c00000| Untracked |  0
|  73|0x0000000619000000, 0x0000000619000000, 0x0000000619400000|  0%| F|  |TAMS 0x0000000619000000| PB 0x0000000619000000| Untracked |  0
|  74|0x0000000619400000, 0x0000000619400000, 0x0000000619800000|  0%| F|  |TAMS 0x0000000619400000| PB 0x0000000619400000| Untracked |  0
|  75|0x0000000619800000, 0x0000000619800000, 0x0000000619c00000|  0%| F|  |TAMS 0x0000000619800000| PB 0x0000000619800000| Untracked |  0
|  76|0x0000000619c00000, 0x0000000619c00000, 0x000000061a000000|  0%| F|  |TAMS 0x0000000619c00000| PB 0x0000000619c00000| Untracked |  0
|  77|0x000000061a000000, 0x000000061a000000, 0x000000061a400000|  0%| F|  |TAMS 0x000000061a000000| PB 0x000000061a000000| Untracked |  0
|  78|0x000000061a400000, 0x000000061a400000, 0x000000061a800000|  0%| F|  |TAMS 0x000000061a400000| PB 0x000000061a400000| Untracked |  0
|  79|0x000000061a800000, 0x000000061a800000, 0x000000061ac00000|  0%| F|  |TAMS 0x000000061a800000| PB 0x000000061a800000| Untracked |  0
|  80|0x000000061ac00000, 0x000000061ac00000, 0x000000061b000000|  0%| F|  |TAMS 0x000000061ac00000| PB 0x000000061ac00000| Untracked |  0
|  81|0x000000061b000000, 0x000000061b000000, 0x000000061b400000|  0%| F|  |TAMS 0x000000061b000000| PB 0x000000061b000000| Untracked |  0
|  82|0x000000061b400000, 0x000000061b400000, 0x000000061b800000|  0%| F|  |TAMS 0x000000061b400000| PB 0x000000061b400000| Untracked |  0
|  83|0x000000061b800000, 0x000000061b800000, 0x000000061bc00000|  0%| F|  |TAMS 0x000000061b800000| PB 0x000000061b800000| Untracked |  0
|  84|0x000000061bc00000, 0x000000061bc00000, 0x000000061c000000|  0%| F|  |TAMS 0x000000061bc00000| PB 0x000000061bc00000| Untracked |  0
|  85|0x000000061c000000, 0x000000061c000000, 0x000000061c400000|  0%| F|  |TAMS 0x000000061c000000| PB 0x000000061c000000| Untracked |  0
|  86|0x000000061c400000, 0x000000061c400000, 0x000000061c800000|  0%| F|  |TAMS 0x000000061c400000| PB 0x000000061c400000| Untracked |  0
|  87|0x000000061c800000, 0x000000061c800000, 0x000000061cc00000|  0%| F|  |TAMS 0x000000061c800000| PB 0x000000061c800000| Untracked |  0
|  88|0x000000061cc00000, 0x000000061cc00000, 0x000000061d000000|  0%| F|  |TAMS 0x000000061cc00000| PB 0x000000061cc00000| Untracked |  0
|  89|0x000000061d000000, 0x000000061d000000, 0x000000061d400000|  0%| F|  |TAMS 0x000000061d000000| PB 0x000000061d000000| Untracked |  0
|  90|0x000000061d400000, 0x000000061d400000, 0x000000061d800000|  0%| F|  |TAMS 0x000000061d400000| PB 0x000000061d400000| Untracked |  0
|  91|0x000000061d800000, 0x000000061d800000, 0x000000061dc00000|  0%| F|  |TAMS 0x000000061d800000| PB 0x000000061d800000| Untracked |  0
|  92|0x000000061dc00000, 0x000000061dc00000, 0x000000061e000000|  0%| F|  |TAMS 0x000000061dc00000| PB 0x000000061dc00000| Untracked |  0
|  93|0x000000061e000000, 0x000000061e000000, 0x000000061e400000|  0%| F|  |TAMS 0x000000061e000000| PB 0x000000061e000000| Untracked |  0
|  94|0x000000061e400000, 0x000000061e400000, 0x000000061e800000|  0%| F|  |TAMS 0x000000061e400000| PB 0x000000061e400000| Untracked |  0
|  95|0x000000061e800000, 0x000000061e800000, 0x000000061ec00000|  0%| F|  |TAMS 0x000000061e800000| PB 0x000000061e800000| Untracked |  0
|  96|0x000000061ec00000, 0x000000061ec00000, 0x000000061f000000|  0%| F|  |TAMS 0x000000061ec00000| PB 0x000000061ec00000| Untracked |  0
|  97|0x000000061f000000, 0x000000061f000000, 0x000000061f400000|  0%| F|  |TAMS 0x000000061f000000| PB 0x000000061f000000| Untracked |  0
|  98|0x000000061f400000, 0x000000061f400000, 0x000000061f800000|  0%| F|  |TAMS 0x000000061f400000| PB 0x000000061f400000| Untracked |  0
|  99|0x000000061f800000, 0x000000061f800000, 0x000000061fc00000|  0%| F|  |TAMS 0x000000061f800000| PB 0x000000061f800000| Untracked |  0
| 100|0x000000061fc00000, 0x000000061fc00000, 0x0000000620000000|  0%| F|  |TAMS 0x000000061fc00000| PB 0x000000061fc00000| Untracked |  0
| 101|0x0000000620000000, 0x0000000620000000, 0x0000000620400000|  0%| F|  |TAMS 0x0000000620000000| PB 0x0000000620000000| Untracked |  0
| 102|0x0000000620400000, 0x0000000620400000, 0x0000000620800000|  0%| F|  |TAMS 0x0000000620400000| PB 0x0000000620400000| Untracked |  0
| 103|0x0000000620800000, 0x0000000620800000, 0x0000000620c00000|  0%| F|  |TAMS 0x0000000620800000| PB 0x0000000620800000| Untracked |  0
| 104|0x0000000620c00000, 0x0000000620c00000, 0x0000000621000000|  0%| F|  |TAMS 0x0000000620c00000| PB 0x0000000620c00000| Untracked |  0
| 105|0x0000000621000000, 0x0000000621000000, 0x0000000621400000|  0%| F|  |TAMS 0x0000000621000000| PB 0x0000000621000000| Untracked |  0
| 106|0x0000000621400000, 0x0000000621400000, 0x0000000621800000|  0%| F|  |TAMS 0x0000000621400000| PB 0x0000000621400000| Untracked |  0
| 107|0x0000000621800000, 0x0000000621800000, 0x0000000621c00000|  0%| F|  |TAMS 0x0000000621800000| PB 0x0000000621800000| Untracked |  0
| 108|0x0000000621c00000, 0x0000000621c00000, 0x0000000622000000|  0%| F|  |TAMS 0x0000000621c00000| PB 0x0000000621c00000| Untracked |  0
| 109|0x0000000622000000, 0x0000000622000000, 0x0000000622400000|  0%| F|  |TAMS 0x0000000622000000| PB 0x0000000622000000| Untracked |  0
| 110|0x0000000622400000, 0x0000000622400000, 0x0000000622800000|  0%| F|  |TAMS 0x0000000622400000| PB 0x0000000622400000| Untracked |  0
| 111|0x0000000622800000, 0x0000000622800000, 0x0000000622c00000|  0%| F|  |TAMS 0x0000000622800000| PB 0x0000000622800000| Untracked |  0
| 112|0x0000000622c00000, 0x0000000622c00000, 0x0000000623000000|  0%| F|  |TAMS 0x0000000622c00000| PB 0x0000000622c00000| Untracked |  0
| 113|0x0000000623000000, 0x0000000623000000, 0x0000000623400000|  0%| F|  |TAMS 0x0000000623000000| PB 0x0000000623000000| Untracked |  0
| 114|0x0000000623400000, 0x0000000623400000, 0x0000000623800000|  0%| F|  |TAMS 0x0000000623400000| PB 0x0000000623400000| Untracked |  0
| 115|0x0000000623800000, 0x0000000623800000, 0x0000000623c00000|  0%| F|  |TAMS 0x0000000623800000| PB 0x0000000623800000| Untracked |  0
| 116|0x0000000623c00000, 0x0000000623ee14a8, 0x0000000624000000| 72%| E|  |TAMS 0x0000000623c00000| PB 0x0000000623c00000| Complete |  0
| 117|0x0000000624000000, 0x0000000624400000, 0x0000000624400000|100%| E|CS|TAMS 0x0000000624000000| PB 0x0000000624000000| Complete |  0
| 118|0x0000000624400000, 0x0000000624800000, 0x0000000624800000|100%| E|CS|TAMS 0x0000000624400000| PB 0x0000000624400000| Complete |  0
| 119|0x0000000624800000, 0x0000000624c00000, 0x0000000624c00000|100%| E|CS|TAMS 0x0000000624800000| PB 0x0000000624800000| Complete |  0
| 120|0x0000000624c00000, 0x0000000625000000, 0x0000000625000000|100%| E|CS|TAMS 0x0000000624c00000| PB 0x0000000624c00000| Complete |  0
| 121|0x0000000625000000, 0x0000000625400000, 0x0000000625400000|100%| E|CS|TAMS 0x0000000625000000| PB 0x0000000625000000| Complete |  0
| 122|0x0000000625400000, 0x0000000625800000, 0x0000000625800000|100%| E|CS|TAMS 0x0000000625400000| PB 0x0000000625400000| Complete |  0
| 123|0x0000000625800000, 0x0000000625c00000, 0x0000000625c00000|100%| E|CS|TAMS 0x0000000625800000| PB 0x0000000625800000| Complete |  0
| 124|0x0000000625c00000, 0x0000000626000000, 0x0000000626000000|100%| E|CS|TAMS 0x0000000625c00000| PB 0x0000000625c00000| Complete |  0
| 125|0x0000000626000000, 0x0000000626400000, 0x0000000626400000|100%| E|CS|TAMS 0x0000000626000000| PB 0x0000000626000000| Complete |  0
| 126|0x0000000626400000, 0x0000000626800000, 0x0000000626800000|100%| E|CS|TAMS 0x0000000626400000| PB 0x0000000626400000| Complete |  0
|2020|0x00000007ffc00000, 0x00000007ffd258e0, 0x0000000800000000| 28%| O|  |TAMS 0x00000007ffc00000| PB 0x00000007ffc00000| Untracked |  0

Card table byte_map: [0x000001e076f30000,0x000001e077f00000] _byte_map_base: 0x000001e073efa000

Marking Bits: (CMBitMap*) 0x000001e06d1da9c0
 Bits: [0x000001e077f00000, 0x000001e07fd50000)

Polling page: 0x000001e06b0e0000

Metaspace:
Metaspace        used 6714K, committed 6976K, reserved 1114112K
 class space     used 689K, committed 832K, reserved 1048576K

Usage:
  Non-class:      5.88 MB used.
      Class:    689.12 KB used.
       Both:      6.56 MB used.

Virtual space:
  Non-class space:       64.00 MB reserved,       6.00 MB (  9%) committed,  1 nodes.
      Class space:        1.00 GB reserved,     832.00 KB ( <1%) committed,  1 nodes.
             Both:        1.06 GB reserved,       6.81 MB ( <1%) committed. 

Chunk freelists:
   Non-Class:  10.02 MB
       Class:  15.18 MB
        Both:  25.21 MB

MaxMetaspaceSize: unlimited
CompressedClassSpaceSize: 1.00 GB
Initial GC threshold: 21.00 MB
Current GC threshold: 21.00 MB
CDS: on
 - commit_granule_bytes: 65536.
 - commit_granule_words: 8192.
 - virtual_space_node_default_size: 8388608.
 - enlarge_chunks_in_place: 1.
UseCompressedClassPointers 1, UseCompactObjectHeaders 0
Narrow klass pointer bits 32, Max shift 3
Narrow klass base: 0x000000000e000000, Narrow klass shift: 0
Encoding Range: [0x000000000e000000 - 0x000000010e000000), (4294967296 bytes)
Klass Range:    [0x000000000e010000 - 0x000000004f000000), (1090453504 bytes)
Klass ID Range:  [65536 - 1090519033) (1090453497)
Protection zone: [0x000000000e000000 - 0x000000000e010000), (65536 bytes)


Internal statistics:

num_allocs_failed_limit: 0.
num_arena_births: 102.
num_arena_deaths: 0.
num_vsnodes_births: 2.
num_vsnodes_deaths: 0.
num_space_committed: 109.
num_space_uncommitted: 0.
num_chunks_returned_to_freelist: 0.
num_chunks_taken_from_freelist: 187.
num_chunk_merges: 0.
num_chunk_splits: 114.
num_chunks_enlarged: 66.
num_inconsistent_stats: 0.

CodeHeap 'non-profiled nmethods': size=120064Kb used=387Kb max_used=387Kb free=119676Kb
 bounds [0x000001e007ae0000, 0x000001e007d50000, 0x000001e00f020000]
CodeHeap 'profiled nmethods': size=120064Kb used=1677Kb max_used=1677Kb free=118386Kb
 bounds [0x000001e000000000, 0x000001e000270000, 0x000001e007540000]
CodeHeap 'non-nmethods': size=5760Kb used=1426Kb max_used=1458Kb free=4333Kb
 bounds [0x000001e007540000, 0x000001e0077b0000, 0x000001e007ae0000]
CodeCache: size=245888Kb, used=3490Kb, max_used=3522Kb, free=242395Kb
 total_blobs=1868, nmethods=1309, adapters=463, full_count=0
Compilation: enabled, stopped_count=0, restarted_count=0

Compilation events (20 events):
Event: 59637.696 Thread 0x000001e07ff29160 1300       4       java.util.TaskQueue::getMin (7 bytes)
Event: 59637.696 Thread 0x000001e07ff29160 nmethod 1300 0x000001e007b3f688 code [0x000001e007b3f780, 0x000001e007b3f838]
Event: 59650.710 Thread 0x000001e07ff29160 1301       4       java.util.Collection::toArray (17 bytes)
Event: 59650.716 Thread 0x000001e07ff29160 nmethod 1301 0x000001e007b3f988 code [0x000001e007b3fa80, 0x000001e007b400f8]
Event: 59650.716 Thread 0x000001e07ff29160 1302       4       sun.nio.ch.Util$2::toArray (11 bytes)
Event: 59650.719 Thread 0x000001e07ff29160 nmethod 1302 0x000001e007b40108 code [0x000001e007b40200, 0x000001e007b40860]
Event: 60686.018 Thread 0x000001e07ff2e9a0 1303       3       java.lang.ref.ReferenceQueue::poll0 (65 bytes)
Event: 60686.019 Thread 0x000001e07ff2e9a0 nmethod 1303 0x000001e0001a2388 code [0x000001e0001a2480, 0x000001e0001a2958]
Event: 62057.954 Thread 0x000001e07ff29160 1304       4       java.util.HashMap$HashIterator::hasNext (13 bytes)
Event: 62057.955 Thread 0x000001e07ff29160 nmethod 1304 0x000001e007b40888 code [0x000001e007b40980, 0x000001e007b40a00]
Event: 66688.225 Thread 0x000001e07ff29160 1305       4       java.util.TaskQueue::isEmpty (13 bytes)
Event: 66688.227 Thread 0x000001e07ff29160 nmethod 1305 0x000001e007b40b88 code [0x000001e007b40c80, 0x000001e007b40d18]
Event: 68546.141 Thread 0x000001e07ff2e9a0 1306  s    3       jdk.internal.ref.CleanerImpl$CleanableList::isEmpty (16 bytes)
Event: 68546.142 Thread 0x000001e07ff2e9a0 nmethod 1306 0x000001e0001a2988 code [0x000001e0001a2a80, 0x000001e0001a2d30]
Event: 68546.142 Thread 0x000001e07ff2e9a0 1307       3       jdk.internal.misc.InnocuousThread::eraseThreadLocals (23 bytes)
Event: 68546.142 Thread 0x000001e07ff2e9a0 nmethod 1307 0x000001e0001a2d88 code [0x000001e0001a2e80, 0x000001e0001a3070]
Event: 68924.960 Thread 0x000001e07ff2e9a0 1308       3       java.lang.Math::ceil (5 bytes)
Event: 68924.961 Thread 0x000001e07ff2e9a0 nmethod 1308 0x000001e0001a3088 code [0x000001e0001a3180, 0x000001e0001a3290]
Event: 68924.961 Thread 0x000001e07ff2e9a0 1309       3       java.lang.StrictMath::ceil (10 bytes)
Event: 68924.961 Thread 0x000001e07ff2e9a0 nmethod 1309 0x000001e0001a3388 code [0x000001e0001a34a0, 0x000001e0001a35c8]

GC Heap Usage History (0 events):
No events

Metaspace Usage History (0 events):
No events

Dll operation events (16 events):
Event: 0.010 Attempting to load shared library C:\Users\prudence.moya\AppData\Local\Programs\Eclipse Adoptium\jdk-25.0.4.101-hotspot\bin\java.dll
Event: 0.011 Loaded shared library C:\Users\prudence.moya\AppData\Local\Programs\Eclipse Adoptium\jdk-25.0.4.101-hotspot\bin\java.dll
Event: 0.076 Attempting to load shared library C:\Users\prudence.moya\AppData\Local\Programs\Eclipse Adoptium\jdk-25.0.4.101-hotspot\bin\net.dll
Event: 0.077 Loaded shared library C:\Users\prudence.moya\AppData\Local\Programs\Eclipse Adoptium\jdk-25.0.4.101-hotspot\bin\net.dll
Event: 0.078 Attempting to load shared library C:\Users\prudence.moya\AppData\Local\Programs\Eclipse Adoptium\jdk-25.0.4.101-hotspot\bin\nio.dll
Event: 0.079 Loaded shared library C:\Users\prudence.moya\AppData\Local\Programs\Eclipse Adoptium\jdk-25.0.4.101-hotspot\bin\nio.dll
Event: 0.081 Attempting to load shared library C:\Users\prudence.moya\AppData\Local\Programs\Eclipse Adoptium\jdk-25.0.4.101-hotspot\bin\zip.dll
Event: 0.082 Loaded shared library C:\Users\prudence.moya\AppData\Local\Programs\Eclipse Adoptium\jdk-25.0.4.101-hotspot\bin\zip.dll
Event: 0.133 Attempting to load shared library C:\Users\prudence.moya\AppData\Local\Programs\Eclipse Adoptium\jdk-25.0.4.101-hotspot\bin\jimage.dll
Event: 0.133 Loaded shared library C:\Users\prudence.moya\AppData\Local\Programs\Eclipse Adoptium\jdk-25.0.4.101-hotspot\bin\jimage.dll
Event: 0.218 Attempting to load shared library C:\Users\prudence.moya\AppData\Local\Programs\Eclipse Adoptium\jdk-25.0.4.101-hotspot\bin\extnet.dll
Event: 0.219 Loaded shared library C:\Users\prudence.moya\AppData\Local\Programs\Eclipse Adoptium\jdk-25.0.4.101-hotspot\bin\extnet.dll
Event: 0.243 Attempting to load shared library C:\Users\prudence.moya\AppData\Local\Programs\Eclipse Adoptium\jdk-25.0.4.101-hotspot\bin\sunmscapi.dll
Event: 0.245 Loaded shared library C:\Users\prudence.moya\AppData\Local\Programs\Eclipse Adoptium\jdk-25.0.4.101-hotspot\bin\sunmscapi.dll
Event: 0.278 Attempting to load shared library C:\Users\prudence.moya\AppData\Local\Programs\Eclipse Adoptium\jdk-25.0.4.101-hotspot\bin\awt.dll
Event: 0.280 Loaded shared library C:\Users\prudence.moya\AppData\Local\Programs\Eclipse Adoptium\jdk-25.0.4.101-hotspot\bin\awt.dll

Deoptimization events (20 events):
Event: 0.462 Thread 0x000001e016726130 DEOPT PACKING pc=0x000001e007b267b0 sp=0x000000b77eefdc20
Event: 0.462 Thread 0x000001e016726130 DEOPT UNPACKING pc=0x000001e00765ec82 sp=0x000000b77eefdbb8 mode 2
Event: 0.502 Thread 0x000001e016726130 Uncommon trap: trap_request=0xffffff5e fr.pc=0x000001e007b28f94 relative=0x0000000000000394
Event: 0.502 Thread 0x000001e016726130 Uncommon trap: reason=speculate_class_check action=maybe_recompile pc=0x000001e007b28f94 method=java.lang.String.<init>(Ljava/lang/AbstractStringBuilder;Ljava/lang/Void;)V @ 10 c2
Event: 0.502 Thread 0x000001e016726130 DEOPT PACKING pc=0x000001e007b28f94 sp=0x000000b77eefeec0
Event: 0.503 Thread 0x000001e016726130 DEOPT UNPACKING pc=0x000001e00765ec82 sp=0x000000b77eefee90 mode 2
Event: 0.621 Thread 0x000001e016726130 Uncommon trap: trap_request=0xffffff5e fr.pc=0x000001e007b28f94 relative=0x0000000000000394
Event: 0.621 Thread 0x000001e016726130 Uncommon trap: reason=speculate_class_check action=maybe_recompile pc=0x000001e007b28f94 method=java.lang.String.<init>(Ljava/lang/AbstractStringBuilder;Ljava/lang/Void;)V @ 10 c2
Event: 0.621 Thread 0x000001e016726130 DEOPT PACKING pc=0x000001e007b28f94 sp=0x000000b77eefeec0
Event: 0.621 Thread 0x000001e016726130 DEOPT UNPACKING pc=0x000001e00765ec82 sp=0x000000b77eefee90 mode 2
Event: 0.637 Thread 0x000001e016726130 Uncommon trap: trap_request=0xffffff5e fr.pc=0x000001e007b28f94 relative=0x0000000000000394
Event: 0.637 Thread 0x000001e016726130 Uncommon trap: reason=speculate_class_check action=maybe_recompile pc=0x000001e007b28f94 method=java.lang.String.<init>(Ljava/lang/AbstractStringBuilder;Ljava/lang/Void;)V @ 10 c2
Event: 0.637 Thread 0x000001e016726130 DEOPT PACKING pc=0x000001e007b28f94 sp=0x000000b77eefeec0
Event: 0.637 Thread 0x000001e016726130 DEOPT UNPACKING pc=0x000001e00765ec82 sp=0x000000b77eefee90 mode 2
Event: 0.650 Thread 0x000001e016726130 Uncommon trap: trap_request=0xffffff5e fr.pc=0x000001e007b28f94 relative=0x0000000000000394
Event: 0.650 Thread 0x000001e016726130 Uncommon trap: reason=speculate_class_check action=maybe_recompile pc=0x000001e007b28f94 method=java.lang.String.<init>(Ljava/lang/AbstractStringBuilder;Ljava/lang/Void;)V @ 10 c2
Event: 0.650 Thread 0x000001e016726130 DEOPT PACKING pc=0x000001e007b28f94 sp=0x000000b77eefeec0
Event: 0.650 Thread 0x000001e016726130 DEOPT UNPACKING pc=0x000001e00765ec82 sp=0x000000b77eefee90 mode 2
Event: 55165.577 Thread 0x000001e016694720 DEOPT PACKING pc=0x000001e000180c8f sp=0x000000b77ecfefb0
Event: 55165.577 Thread 0x000001e016694720 DEOPT UNPACKING pc=0x000001e007591702 sp=0x000000b77ecfe448 mode 3

Classes loaded (20 events):
Event: 55165.574 Loading class java/awt/geom/RectangularShape
Event: 55165.574 Loading class java/awt/geom/RectangularShape done
Event: 55165.574 Loading class java/awt/geom/Rectangle2D done
Event: 55165.574 Loading class java/awt/Rectangle done
Event: 55165.574 Loading class java/util/WeakHashMap$KeyIterator
Event: 55165.574 Loading class java/util/WeakHashMap$HashIterator
Event: 55165.575 Loading class java/util/WeakHashMap$HashIterator done
Event: 55165.575 Loading class java/util/WeakHashMap$KeyIterator done
Event: 55165.576 Loading class java/util/concurrent/locks/AbstractQueuedSynchronizer$ExclusiveNode
Event: 55165.576 Loading class java/util/concurrent/locks/AbstractQueuedSynchronizer$Node
Event: 55165.576 Loading class java/util/concurrent/locks/AbstractQueuedSynchronizer$Node done
Event: 55165.576 Loading class java/util/concurrent/locks/AbstractQueuedSynchronizer$ExclusiveNode done
Event: 55165.576 Loading class java/util/concurrent/locks/AbstractQueuedSynchronizer$ConditionNode
Event: 55165.577 Loading class java/util/concurrent/locks/AbstractQueuedSynchronizer$ConditionNode done
Event: 55166.576 Loading class java/awt/MenuComponent
Event: 55166.576 Loading class java/awt/MenuComponent done
Event: 55166.576 Loading class java/awt/TrayIcon
Event: 55166.577 Loading class java/awt/TrayIcon done
Event: 56769.440 Loading class java/util/ArrayList$ListItr
Event: 56769.441 Loading class java/util/ArrayList$ListItr done

Classes unloaded (0 events):
No events

Classes redefined (0 events):
No events

Internal exceptions (20 events):
Event: 0.265 Thread 0x000001e06d12b520 Exception <a 'java/lang/NoSuchMethodError'{0x0000000625ea9ab0}: 'java.lang.Object java.lang.invoke.DirectMethodHandle$Holder.invokeStaticInit(java.lang.Object, java.lang.Object, int, int, int, int)'> (0x0000000625ea9ab0) 
thrown [s\src\hotspot\share\interpreter\linkResolver.cpp, line 804]
Event: 0.274 Thread 0x000001e06d12b520 Exception <a 'java/lang/NoSuchMethodError'{0x0000000625ed3520}: 'void java.lang.invoke.DirectMethodHandle$Holder.invokeStatic(java.lang.Object, java.lang.Object, java.lang.Object)'> (0x0000000625ed3520) 
thrown [s\src\hotspot\share\interpreter\linkResolver.cpp, line 804]
Event: 0.277 Thread 0x000001e06d12b520 Exception <a 'java/lang/ClassNotFoundException'{0x0000000625ef1668}: sun/awt/resources/spi/awtProvider> (0x0000000625ef1668) 
thrown [s\src\hotspot\share\classfile\systemDictionary.cpp, line 328]
Event: 0.281 Thread 0x000001e06d12b520 Exception <a 'java/io/FileNotFoundException'{0x0000000625efc180}> (0x0000000625efc180) 
thrown [s\src\hotspot\share\prims\jni.cpp, line 516]
Event: 0.282 Thread 0x000001e06d12b520 Exception <a 'java/io/FileNotFoundException'{0x0000000625f0e940}> (0x0000000625f0e940) 
thrown [s\src\hotspot\share\prims\jni.cpp, line 516]
Event: 0.331 Thread 0x000001e06d12b520 Exception <a 'java/lang/NoSuchMethodError'{0x0000000625f50b18}: 'void java.lang.invoke.DirectMethodHandle$Holder.invokeStatic(java.lang.Object, long)'> (0x0000000625f50b18) 
thrown [s\src\hotspot\share\interpreter\linkResolver.cpp, line 804]
Event: 0.332 Thread 0x000001e06d12b520 Exception <a 'java/lang/NoSuchMethodError'{0x0000000625f5f420}: 'java.lang.Object java.lang.invoke.DirectMethodHandle$Holder.newInvokeSpecial(java.lang.Object, long)'> (0x0000000625f5f420) 
thrown [s\src\hotspot\share\interpreter\linkResolver.cpp, line 804]
Event: 0.334 Thread 0x000001e06d12b520 Exception <a 'java/lang/NoSuchMethodError'{0x0000000625f68f10}: 'java.lang.Object java.lang.invoke.DirectMethodHandle$Holder.invokeStatic(java.lang.Object, long, java.lang.Object)'> (0x0000000625f68f10) 
thrown [s\src\hotspot\share\interpreter\linkResolver.cpp, line 804]
Event: 0.334 Thread 0x000001e06d12b520 Exception <a 'java/lang/NoSuchMethodError'{0x0000000625f70db0}: 'java.lang.Object java.lang.invoke.DirectMethodHandle$Holder.invokeStaticInit(java.lang.Object, long, java.lang.Object)'> (0x0000000625f70db0) 
thrown [s\src\hotspot\share\interpreter\linkResolver.cpp, line 804]
Event: 0.378 Thread 0x000001e016726130 Exception <a 'java/lang/NoSuchMethodError'{0x000000062590a560}: 'java.lang.Object java.lang.invoke.DirectMethodHandle$Holder.invokeInterface(java.lang.Object, java.lang.Object)'> (0x000000062590a560) 
thrown [s\src\hotspot\share\interpreter\linkResolver.cpp, line 804]
Event: 0.386 Thread 0x000001e016726130 Exception <a 'java/lang/NoSuchMethodError'{0x0000000625945a10}: 'java.lang.Object java.lang.invoke.DirectMethodHandle$Holder.invokeSpecialIFC(java.lang.Object, java.lang.Object, java.lang.Object, java.lang.Object)'> (0x0000000625945a10) 
thrown [s\src\hotspot\share\interpreter\linkResolver.cpp, line 804]
Event: 0.388 Thread 0x000001e016726130 Exception <a 'java/lang/NoSuchMethodError'{0x0000000625956368}: 'java.lang.Object java.lang.invoke.DirectMethodHandle$Holder.invokeVirtual(java.lang.Object, java.lang.Object, java.lang.Object, java.lang.Object)'> (0x0000000625956368) 
thrown [s\src\hotspot\share\interpreter\linkResolver.cpp, line 804]
Event: 0.390 Thread 0x000001e016726130 Exception <a 'java/lang/NoSuchMethodError'{0x0000000625966720}: 'void java.lang.invoke.DirectMethodHandle$Holder.invokeStatic(java.lang.Object, java.lang.Object, java.lang.Object, java.lang.Object)'> (0x0000000625966720) 
thrown [s\src\hotspot\share\interpreter\linkResolver.cpp, line 804]
Event: 0.490 Thread 0x000001e016726130 Exception <a 'java/lang/NoSuchMethodError'{0x0000000625b9de40}: 'java.lang.Object java.lang.invoke.DirectMethodHandle$Holder.newInvokeSpecial(java.lang.Object, java.lang.Object, java.lang.Object, int)'> (0x0000000625b9de40) 
thrown [s\src\hotspot\share\interpreter\linkResolver.cpp, line 804]
Event: 0.491 Thread 0x000001e016726130 Exception <a 'java/lang/NoSuchMethodError'{0x0000000625ba6a78}: 'java.lang.Object java.lang.invoke.Invokers$Holder.linkToTargetMethod(java.lang.Object, java.lang.Object, int, java.lang.Object)'> (0x0000000625ba6a78) 
thrown [s\src\hotspot\share\interpreter\linkResolver.cpp, line 804]
Event: 0.494 Thread 0x000001e016726130 Exception <a 'java/lang/IncompatibleClassChangeError'{0x0000000625beef28}: Found class java.lang.Object, but interface was expected> (0x0000000625beef28) 
thrown [s\src\hotspot\share\interpreter\linkResolver.cpp, line 871]
Event: 55165.443 Thread 0x000001e01674eaa0 Exception <a 'java/lang/NoSuchMethodError'{0x0000000625811890}: 'void java.lang.invoke.DirectMethodHandle$Holder.invokeStaticInit(java.lang.Object)'> (0x0000000625811890) 
thrown [s\src\hotspot\share\interpreter\linkResolver.cpp, line 804]
Event: 55165.512 Thread 0x000001e016694720 Exception <a 'java/lang/NoSuchMethodError'{0x00000006253e9598}: 'long java.lang.invoke.DirectMethodHandle$Holder.invokeStatic(java.lang.Object, java.lang.Object)'> (0x00000006253e9598) 
thrown [s\src\hotspot\share\interpreter\linkResolver.cpp, line 804]
Event: 55165.512 Thread 0x000001e016694720 Exception <a 'java/lang/NoSuchMethodError'{0x00000006253f15f0}: 'long java.lang.invoke.DirectMethodHandle$Holder.invokeStaticInit(java.lang.Object, java.lang.Object)'> (0x00000006253f15f0) 
thrown [s\src\hotspot\share\interpreter\linkResolver.cpp, line 804]
Event: 55165.515 Thread 0x000001e016694720 Exception <a 'java/lang/NoSuchMethodError'{0x00000006253fa000}: 'java.lang.Object java.lang.invoke.DirectMethodHandle$Holder.invokeStaticInit(java.lang.Object, long)'> (0x00000006253fa000) 
thrown [s\src\hotspot\share\interpreter\linkResolver.cpp, line 804]

VM Operations (20 events):
Event: 56827.699 Executing non-safepoint VM operation: HandshakeAllThreads (HandshakeForDeflation)
Event: 56827.699 Executing non-safepoint VM operation: HandshakeAllThreads (HandshakeForDeflation) done
Event: 56827.699 Executing non-safepoint VM operation: RendezvousGCThreads
Event: 56827.699 Executing non-safepoint VM operation: RendezvousGCThreads done
Event: 68011.577 Executing non-safepoint VM operation: HandshakeAllThreads (HandshakeForDeflation)
Event: 68011.577 Executing non-safepoint VM operation: HandshakeAllThreads (HandshakeForDeflation) done
Event: 68011.577 Executing non-safepoint VM operation: RendezvousGCThreads
Event: 68011.577 Executing non-safepoint VM operation: RendezvousGCThreads done
Event: 68973.647 Executing non-safepoint VM operation: HandshakeAllThreads (HandshakeForDeflation)
Event: 68973.647 Executing non-safepoint VM operation: HandshakeAllThreads (HandshakeForDeflation) done
Event: 68973.647 Executing non-safepoint VM operation: RendezvousGCThreads
Event: 68973.647 Executing non-safepoint VM operation: RendezvousGCThreads done
Event: 69033.783 Executing non-safepoint VM operation: HandshakeAllThreads (HandshakeForDeflation)
Event: 69033.783 Executing non-safepoint VM operation: HandshakeAllThreads (HandshakeForDeflation) done
Event: 69033.783 Executing non-safepoint VM operation: RendezvousGCThreads
Event: 69033.783 Executing non-safepoint VM operation: RendezvousGCThreads done
Event: 69154.099 Executing non-safepoint VM operation: HandshakeAllThreads (HandshakeForDeflation)
Event: 69154.099 Executing non-safepoint VM operation: HandshakeAllThreads (HandshakeForDeflation) done
Event: 69154.099 Executing non-safepoint VM operation: RendezvousGCThreads
Event: 69154.099 Executing non-safepoint VM operation: RendezvousGCThreads done

Memory protections (0 events):
No events

Nmethod flushes (0 events):
No events

Events (20 events):
Event: 67959.548 Thread 0x000001e01674eaa0 Thread added: 0x000001e0166ff130
Event: 67960.557 Thread 0x000001e0166ff130 Thread exited: 0x000001e0166ff130
Event: 68913.484 Thread 0x000001e01674eaa0 Thread added: 0x000001e0166fc250
Event: 68914.489 Thread 0x000001e0166fc250 Thread exited: 0x000001e0166fc250
Event: 68915.915 Thread 0x000001e01674eaa0 Thread added: 0x000001e0166fe190
Event: 68916.977 Thread 0x000001e0166fe190 Thread exited: 0x000001e0166fe190
Event: 68923.503 Thread 0x000001e01674eaa0 Thread added: 0x000001e0166fc250
Event: 68924.960 Thread 0x000001e0166fc250 Thread exited: 0x000001e0166fc250
Event: 68925.067 Thread 0x000001e01674eaa0 Thread added: 0x000001e0166fc250
Event: 68926.072 Thread 0x000001e0166fc250 Thread exited: 0x000001e0166fc250
Event: 68981.330 Thread 0x000001e01674eaa0 Thread added: 0x000001e0166fe190
Event: 68983.113 Thread 0x000001e0166fe190 Thread exited: 0x000001e0166fe190
Event: 68997.302 Thread 0x000001e01674eaa0 Thread added: 0x000001e0166fe190
Event: 68998.308 Thread 0x000001e0166fe190 Thread exited: 0x000001e0166fe190
Event: 69110.531 Thread 0x000001e01674eaa0 Thread added: 0x000001e0166fca20
Event: 69111.547 Thread 0x000001e0166fca20 Thread exited: 0x000001e0166fca20
Event: 69125.512 Thread 0x000001e01674eaa0 Thread added: 0x000001e0166fc250
Event: 69126.529 Thread 0x000001e0166fc250 Thread exited: 0x000001e0166fc250
Event: 69335.473 Thread 0x000001e01674eaa0 Thread added: 0x000001e0166fc250
Event: 69335.893 Thread 0x000001e01674eaa0 Thread added: 0x000001e0166ff130


Dynamic libraries:
0x00007ff755570000 - 0x00007ff75557e000 	C:\Users\prudence.moya\AppData\Local\Programs\Eclipse Adoptium\jdk-25.0.4.101-hotspot\bin\java.exe
0x00007ffbdcd20000 - 0x00007ffbdcf87000 	C:\windows\SYSTEM32\ntdll.dll
0x00007ffbdb490000 - 0x00007ffbdb55b000 	C:\windows\System32\KERNEL32.DLL
0x00007ffbd9f20000 - 0x00007ffbda322000 	C:\windows\System32\KERNELBASE.dll
0x00007ffbda5b0000 - 0x00007ffbda6fc000 	C:\windows\System32\ucrtbase.dll
0x00007ffba4310000 - 0x00007ffba4326000 	C:\Users\prudence.moya\AppData\Local\Programs\Eclipse Adoptium\jdk-25.0.4.101-hotspot\bin\jli.dll
0x00007ffba3b00000 - 0x00007ffba3b1e000 	C:\Users\prudence.moya\AppData\Local\Programs\Eclipse Adoptium\jdk-25.0.4.101-hotspot\bin\VCRUNTIME140.dll
0x00007ffbdb2b0000 - 0x00007ffbdb47f000 	C:\windows\System32\USER32.dll
0x00007ffbb3780000 - 0x00007ffbb3a10000 	C:\windows\WinSxS\amd64_microsoft.windows.common-controls_6595b64144ccf1df_6.0.26100.9278_none_3e0d1ba8e3303201\COMCTL32.dll
0x00007ffbda3f0000 - 0x00007ffbda417000 	C:\windows\System32\win32u.dll
0x00007ffbdc360000 - 0x00007ffbdc409000 	C:\windows\System32\msvcrt.dll
0x00007ffbdc780000 - 0x00007ffbdc7ab000 	C:\windows\System32\GDI32.dll
0x00007ffbda7a0000 - 0x00007ffbda8c9000 	C:\windows\System32\gdi32full.dll
0x00007ffbda990000 - 0x00007ffbdaa33000 	C:\windows\System32\msvcp_win.dll
0x00007ffbdaf50000 - 0x00007ffbdaf81000 	C:\windows\System32\IMM32.DLL
0x00007ffbd2410000 - 0x00007ffbd241c000 	C:\Users\prudence.moya\AppData\Local\Programs\Eclipse Adoptium\jdk-25.0.4.101-hotspot\bin\vcruntime140_1.dll
0x00007ffb97db0000 - 0x00007ffb97e3d000 	C:\Users\prudence.moya\AppData\Local\Programs\Eclipse Adoptium\jdk-25.0.4.101-hotspot\bin\msvcp140.dll
0x00007ffacb900000 - 0x00007ffacc831000 	C:\Users\prudence.moya\AppData\Local\Programs\Eclipse Adoptium\jdk-25.0.4.101-hotspot\bin\server\jvm.dll
0x00007ffbdc410000 - 0x00007ffbdc4cc000 	C:\windows\System32\ADVAPI32.dll
0x00007ffbdb030000 - 0x00007ffbdb0d9000 	C:\windows\System32\sechost.dll
0x00007ffbdc7b0000 - 0x00007ffbdc8c8000 	C:\windows\System32\RPCRT4.dll
0x00007ffbdaf90000 - 0x00007ffbdb010000 	C:\windows\System32\WS2_32.dll
0x00007ffbc0b90000 - 0x00007ffbc0b9b000 	C:\windows\SYSTEM32\VERSION.dll
0x00007ffbd30b0000 - 0x00007ffbd30e6000 	C:\windows\SYSTEM32\WINMM.dll
0x00007ffbd9da0000 - 0x00007ffbd9dfe000 	C:\windows\SYSTEM32\POWRPROF.dll
0x00007ffbd9d60000 - 0x00007ffbd9d75000 	C:\windows\SYSTEM32\UMPDC.dll
0x00007ffbd8a80000 - 0x00007ffbd8a9b000 	C:\windows\SYSTEM32\kernel.appcore.dll
0x00007ffbc76c0000 - 0x00007ffbc76ca000 	C:\Users\prudence.moya\AppData\Local\Programs\Eclipse Adoptium\jdk-25.0.4.101-hotspot\bin\jimage.dll
0x00007ffbd6fb0000 - 0x00007ffbd71fc000 	C:\windows\SYSTEM32\DBGHELP.DLL
0x00007ffbdab30000 - 0x00007ffbdaeb5000 	C:\windows\System32\combase.dll
0x00007ffbdc8d0000 - 0x00007ffbdc9a9000 	C:\windows\System32\OLEAUT32.dll
0x00007ffbb4fa0000 - 0x00007ffbb4fdb000 	C:\windows\SYSTEM32\dbgcore.DLL
0x00007ffbda330000 - 0x00007ffbda3dc000 	C:\windows\System32\bcryptPrimitives.dll
0x00007ffba37a0000 - 0x00007ffba37be000 	C:\Users\prudence.moya\AppData\Local\Programs\Eclipse Adoptium\jdk-25.0.4.101-hotspot\bin\java.dll
0x00007ffbdc4e0000 - 0x00007ffbdc67a000 	C:\windows\System32\ole32.dll
0x00007ffbdbb30000 - 0x00007ffbdc2c8000 	C:\windows\System32\SHELL32.dll
0x00007ffbd75f0000 - 0x00007ffbd7e9e000 	C:\windows\SYSTEM32\windows.storage.dll
0x00007ffbdc680000 - 0x00007ffbdc77b000 	C:\windows\System32\SHCORE.dll
0x00007ffbdaa60000 - 0x00007ffbdaac6000 	C:\windows\System32\shlwapi.dll
0x00007ffbd9e40000 - 0x00007ffbd9e69000 	C:\windows\SYSTEM32\profapi.dll
0x00007ffba3510000 - 0x00007ffba3521000 	C:\Users\prudence.moya\AppData\Local\Programs\Eclipse Adoptium\jdk-25.0.4.101-hotspot\bin\net.dll
0x00007ffbd9150000 - 0x00007ffbd91bc000 	C:\windows\system32\mswsock.dll
0x00007ffba2300000 - 0x00007ffba2316000 	C:\Users\prudence.moya\AppData\Local\Programs\Eclipse Adoptium\jdk-25.0.4.101-hotspot\bin\nio.dll
0x00007ffba04d0000 - 0x00007ffba04e6000 	C:\Users\prudence.moya\AppData\Local\Programs\Eclipse Adoptium\jdk-25.0.4.101-hotspot\bin\zip.dll
0x00007ffbd81f0000 - 0x00007ffbd8348000 	C:\windows\SYSTEM32\DNSAPI.dll
0x00007ffbd8f70000 - 0x00007ffbd8f7d000 	C:\windows\SYSTEM32\DSPARSE.dll
0x00007ffbd81b0000 - 0x00007ffbd81e3000 	C:\windows\SYSTEM32\IPHLPAPI.DLL
0x00007ffbdb0e0000 - 0x00007ffbdb0ea000 	C:\windows\System32\NSI.dll
0x00007ffbd2d90000 - 0x00007ffbd2d9b000 	C:\Windows\System32\rasadhlp.dll
0x00007ffbd3290000 - 0x00007ffbd3316000 	C:\windows\System32\fwpuclnt.dll
0x00007ffbb8bb0000 - 0x00007ffbb8bb9000 	C:\Users\prudence.moya\AppData\Local\Programs\Eclipse Adoptium\jdk-25.0.4.101-hotspot\bin\extnet.dll
0x00007ffbb6750000 - 0x00007ffbb675e000 	C:\Users\prudence.moya\AppData\Local\Programs\Eclipse Adoptium\jdk-25.0.4.101-hotspot\bin\sunmscapi.dll
0x00007ffbda420000 - 0x00007ffbda59e000 	C:\windows\System32\CRYPT32.dll
0x00007ffbd96e0000 - 0x00007ffbd9710000 	C:\windows\SYSTEM32\ncrypt.dll
0x00007ffbd9690000 - 0x00007ffbd96cf000 	C:\windows\SYSTEM32\NTASN1.dll
0x00007ffbaaf60000 - 0x00007ffbaaf68000 	C:\windows\system32\wshunix.dll
0x00007ffbd9570000 - 0x00007ffbd958b000 	C:\windows\SYSTEM32\CRYPTSP.dll
0x00007ffbd89e0000 - 0x00007ffbd8a19000 	C:\windows\system32\rsaenh.dll
0x00007ffbd9200000 - 0x00007ffbd9234000 	C:\windows\SYSTEM32\USERENV.dll
0x00007ffbd9e10000 - 0x00007ffbd9e3a000 	C:\windows\SYSTEM32\bcrypt.dll
0x00007ffbd9540000 - 0x00007ffbd954c000 	C:\windows\SYSTEM32\CRYPTBASE.dll
0x00007ffb40e40000 - 0x00007ffb40fc0000 	C:\Users\prudence.moya\AppData\Local\Programs\Eclipse Adoptium\jdk-25.0.4.101-hotspot\bin\awt.dll
0x00007ffbd64c0000 - 0x00007ffbd655f000 	C:\windows\SYSTEM32\apphelp.dll
0x00007ffbd66e0000 - 0x00007ffbd6788000 	C:\windows\system32\uxtheme.dll
0x00007ffbdb0f0000 - 0x00007ffbdb24b000 	C:\windows\System32\MSCTF.dll
0x00007ffbd6590000 - 0x00007ffbd65ba000 	C:\windows\system32\Wtsapi32.dll
0x00007ffbd8e70000 - 0x00007ffbd8eb9000 	C:\windows\SYSTEM32\SspiCli.dll
0x00007ffbd9b10000 - 0x00007ffbd9b74000 	C:\windows\SYSTEM32\WINSTA.dll
0x00007ffbd69e0000 - 0x00007ffbd6a0f000 	C:\windows\system32\DWMAPI.DLL
0x00007ffb2c530000 - 0x00007ffb2c63c000 	C:\windows\system32\opengl32.dll
0x00007ffb3d320000 - 0x00007ffb3d34d000 	C:\windows\SYSTEM32\GLU32.dll
0x00007ffbd6810000 - 0x00007ffbd6854000 	C:\windows\SYSTEM32\dxcore.dll

JVMTI agents: none

dbghelp: loaded successfully - version: 4.0.5 - missing functions: none
symbol engine: initialized successfully - sym options: 0x614 - pdb path: .;C:\Users\prudence.moya\AppData\Local\Programs\Eclipse Adoptium\jdk-25.0.4.101-hotspot\bin;C:\windows\SYSTEM32;C:\windows\WinSxS\amd64_microsoft.windows.common-controls_6595b64144ccf1df_6.0.26100.9278_none_3e0d1ba8e3303201;C:\Users\prudence.moya\AppData\Local\Programs\Eclipse Adoptium\jdk-25.0.4.101-hotspot\bin\server

VM Arguments:
java_command: io.qameta.allure.CommandLine open allure-report
java_class_path (initial): C:\Users\prudence.moya\OneDrive - Entelect Software (Pty) Ltd\Desktop\Learning\Playwright\ui-automation-framework\node_modules\allure-commandline\dist\lib\allure-commandline-2.43.0.jar;C:\Users\prudence.moya\OneDrive - Entelect Software (Pty) Ltd\Desktop\Learning\Playwright\ui-automation-framework\node_modules\allure-commandline\dist\lib\allure-generator-2.43.0.jar;C:\Users\prudence.moya\OneDrive - Entelect Software (Pty) Ltd\Desktop\Learning\Playwright\ui-automation-framework\node_modules\allure-commandline\dist\lib\allure-model-2.35.2.jar;C:\Users\prudence.moya\OneDrive - Entelect Software (Pty) Ltd\Desktop\Learning\Playwright\ui-automation-framework\node_modules\allure-commandline\dist\lib\allure-plugin-api-2.43.0.jar;C:\Users\prudence.moya\OneDrive - Entelect Software (Pty) Ltd\Desktop\Learning\Playwright\ui-automation-framework\node_modules\allure-commandline\dist\lib\allure1-model-1.0.jar;C:\Users\prudence.moya\OneDrive - Entelect Software (Pty) Ltd\Desktop\Learning\Playwright\ui-automation-framework\node_modules\allure-commandline\dist\lib\annotations-15.0.jar;C:\Users\prudence.moya\OneDrive - Entelect Software (Pty) Ltd\Desktop\Learning\Playwright\ui-automation-framework\node_modules\allure-commandline\dist\lib\commons-beanutils-1.11.0.jar;C:\Users\prudence.moya\OneDrive - Entelect Software (Pty) Ltd\Desktop\Learning\Playwright\ui-automation-framework\node_modules\allure-commandline\dist\lib\commons-codec-1.11.jar;C:\Users\prudence.moya\OneDrive - Entelect Software (Pty) Ltd\Desktop\Learning\Playwright\ui-automation-framework\node_modules\allure-commandline\dist\lib\commons-collections-3.2.2.jar;C:\Users\prudence.moya\OneDrive - Entelect Software (Pty) Ltd\Desktop\Learning\Playwright\ui-automation-framework\node_modules\allure-commandline\dist\lib\commons-collections4-4.5.0.jar;C:\Users\prudence.moya\OneDrive - Entelect Software (Pty) Ltd\Desktop\Learning\Playwright\ui-automation-framework\node_modules\allure-commandline\dist\lib\commons-io-2.22.0.jar;C:\Users\prudence.moya\OneDrive - Entelect Software (Pty) Ltd\Desktop\Learning\Playwright\ui-automation-framework\node_modules\allure-commandline\dist\lib\commons-lang3-3.20.0.jar;C:\Users\prudence.moya\OneDrive - Entelect Software (Pty) Ltd\Desktop\Learning\Playwright\ui-automation-framework\node_modules\allure-commandline\dist\lib\commons-logging-1.3.5.jar;C:\Users\prudence.moya\OneDrive - Entelect Software (Pty) Ltd\Desktop\Learning\Playwright\ui-automation-framework\node_modules\allure-commandline\dist\lib\commons-text-1.13.1.jar;C:\Users\prudence.moya\OneDrive - Entelect Software (Pty) Ltd\Desktop\Learning\Playwright\ui-automation-framework\node_modules\allure-commandline\dist\lib\flexmark-0.62.2.jar;C:\Users\prudence.moya\OneDrive - Entelect Software (Pty) Ltd\Desktop\Learning\Playwright\ui-automation-framework\node_modules\allure-commandline\dist\lib\flexmark-ext-tables-0.62.2.jar;C:\Users\prudence.moya\OneDrive - Entelect Software (Pty) Ltd\Desktop\Learning\Playwright\ui-automation-framework\node_modules\allure-commandline\dist\lib\flexmark-util-0.62.2.jar;C:\Users\prudence.moya\OneDrive - Entelect Software (Pty) Ltd\Desktop\Learning\Playwright\ui-automation-framework\node_modules\allure-commandline\dist\lib\flexmark-util-ast-0.62.2.jar;C:\Users\prudence.moya\OneDrive - Entelect Software (Pty) Ltd\Desktop\Learning\Playwright\ui-automation-framework\node_modules\allure-commandline\dist\lib\flexmark-util-builder-0.62.2.jar;C:\Users\prudence.moya\OneDrive - Entelect Software (Pty) Ltd\Desktop\Learning\Playwright\ui-automation-framework\node_modules\allure-commandline\dist\lib\flexmark-util-collection-0.62.2.jar;C:\Users\prudence.moya\OneDrive - Entelect Software (Pty) Ltd\Desktop\Learning\Playwright\ui-automation-framework\node_modules\allure-commandline\dist\lib\flexmark-util-data-0.62.2.jar;C:\Users\prudence.moya\OneDrive - Entelect Software (Pty) Ltd\Desktop\Learning\Playwright\ui-automation-framework\node_modules\allure-commandline\dist\lib\flexmark-util-dependency-0.62.2.jar;C:\Users\prudence.moya\OneDrive - Entelect Software (Pty) Ltd\Desktop\Learning\Playwright\ui-automation-framework\node_modules\allure-commandline\dist\lib\flexmark-util-format-0.62.2.jar;C:\Users\prudence.moya\OneDrive - Entelect Software (Pty) Ltd\Desktop\Learning\Playwright\ui-automation-framework\node_modules\allure-commandline\dist\lib\flexmark-util-html-0.62.2.jar;C:\Users\prudence.moya\OneDrive - Entelect Software (Pty) Ltd\Desktop\Learning\Playwright\ui-automation-framework\node_modules\allure-commandline\dist\lib\flexmark-util-misc-0.62.2.jar;C:\Users\prudence.moya\OneDrive - Entelect Software (Pty) Ltd\Desktop\Learning\Playwright\ui-automation-framework\node_modules\allure-commandline\dist\lib\flexmark-util-options-0.62.2.jar;C:\Users\prudence.moya\OneDrive - Entelect Software (Pty) Ltd\Desktop\Learning\Playwright\ui-automation-framework\node_modules\allure-commandline\dist\lib\flexmark-util-sequence-0.62.2.jar;C:\Users\prudence.moya\OneDrive - Entelect Software (Pty) Ltd\Desktop\Learning\Playwright\ui-automation-framework\node_modules\allure-commandline\dist\lib\flexmark-util-visitor-0.62.2.jar;C:\Users\prudence.moya\OneDrive - Entelect Software (Pty) Ltd\Desktop\Learning\Playwright\ui-automation-framework\node_modules\allure-commandline\dist\lib\freemarker-2.3.34.jar;C:\Users\prudence.moya\OneDrive - Entelect Software (Pty) Ltd\Desktop\Learning\Playwright\ui-automation-framework\node_modules\allure-commandline\dist\lib\httpclient-4.5.14.jar;C:\Users\prudence.moya\OneDrive - Entelect Software (Pty) Ltd\Desktop\Learning\Playwright\ui-automation-framework\node_modules\allure-commandline\dist\lib\httpcore-4.4.16.jar;C:\Users\prudence.moya\OneDrive - Entelect Software (Pty) Ltd\Desktop\Learning\Playwright\ui-automation-framework\node_modules\allure-commandline\dist\lib\jackson-annotations-2.22.jar;C:\Users\prudence.moya\OneDrive - Entelect Software (Pty) Ltd\Desktop\Learning\Playwright\ui-automation-framework\node_modules\allure-commandline\dist\lib\jackson-core-2.22.0.jar;C:\Users\prudence.moya\OneDrive - Entelect Software (Pty) Ltd\Desktop\Learning\Playwright\ui-automation-framework\node_modules\allure-commandline\dist\lib\jackson-databind-2.22.0.jar;C:\Users\prudence.moya\OneDrive - Entelect Software (Pty) Ltd\Desktop\Learning\Playwright\ui-automation-framework\node_modules\allure-commandline\dist\lib\jackson-dataformat-xml-2.22.0.jar;C:\Users\prudence.moya\OneDrive - Entelect Software (Pty) Ltd\Desktop\Learning\Playwright\ui-automation-framework\node_modules\allure-commandline\dist\lib\jackson-dataformat-yaml-2.22.0.jar;C:\Users\prudence.moya\OneDrive - Entelect Software (Pty) Ltd\Desktop\Learning\Playwright\ui-automation-framework\node_modules\allure-commandline\dist\lib\jackson-module-jaxb-annotations-2.22.0.jar;C:\Users\prudence.moya\OneDrive - Entelect Software (Pty) Ltd\Desktop\Learning\Playwright\ui-automation-framework\node_modules\allure-commandline\dist\lib\jakarta.activation-api-1.2.2.jar;C:\Users\prudence.moya\OneDrive - Entelect Software (Pty) Ltd\Desktop\Learning\Playwright\ui-automation-framework\node_modules\allure-commandline\dist\lib\javax.activation-api-1.2.0.jar;C:\Users\prudence.moya\OneDrive - Entelect Software (Pty) Ltd\Desktop\Learning\Playwright\ui-automation-framework\node_modules\allure-commandline\dist\lib\jaxb-api-2.3.1.jar;C:\Users\prudence.moya\OneDrive - Entelect Software (Pty) Ltd\Desktop\Learning\Playwright\ui-automation-framework\node_modules\allure-commandline\dist\lib\jaxb-utils-1.0.jar;C:\Users\prudence.moya\OneDrive - Entelect Software (Pty) Ltd\Desktop\Learning\Playwright\ui-automation-framework\node_modules\allure-commandline\dist\lib\jcommander-1.82.jar;C:\Users\prudence.moya\OneDrive - Entelect Software (Pty) Ltd\Desktop\Learning\Playwright\ui-automation-framework\node_modules\allure-commandline\dist\lib\jsoup-1.22.2.jar;C:\Users\prudence.moya\OneDrive - Entelect Software (Pty) Ltd\Desktop\Learning\Playwright\ui-automation-framework\node_modules\allure-commandline\dist\lib\opencsv-5.12.0.jar;C:\Users\prudence.moya\OneDrive - Entelect Software (Pty) Ltd\Desktop\Learning\Playwright\ui-automation-framework\node_modules\allure-commandline\dist\lib\properties-2.0.RC5.jar;C:\Users\prudence.moya\OneDrive - Entelect Software (Pty) Ltd\Desktop\Learning\Playwright\ui-automation-framework\node_modules\allure-commandline\dist\lib\slf4j-api-2.0.18.jar;C:\Users\prudence.moya\OneDrive - Entelect Software (Pty) Ltd\Desktop\Learning\Playwright\ui-automation-framework\node_modules\allure-commandline\dist\lib\slf4j-jdk14-2.0.18.jar;C:\Users\prudence.moya\OneDrive - Entelect Software (Pty) Ltd\Desktop\Learning\Playwright\ui-automation-framework\node_modules\allure-commandline\dist\lib\snakeyaml-2.5.jar;C:\Users\prudence.moya\OneDrive - Entelect Software (Pty) Ltd\Desktop\Learning\Playwright\ui-automation-framework\node_modules\allure-commandline\dist\lib\stax2-api-4.3.0.jar;C:\Users\prudence.moya\OneDrive - Entelect Software (Pty) Ltd\Desktop\Learning\Playwright\ui-automation-framework\node_modules\allure-commandline\dist\lib\woodstox-core-7.2.0.jar;C:\Users\prudence.moya\OneDrive - Entelect Software (Pty) Ltd\Desktop\Learning\Playwright\ui-automation-framework\node_modules\allure-commandline\dist\lib\config
Launcher Type: SUN_STANDARD

[Global flags]
     intx CICompilerCount                          = 4                                         {product} {ergonomic}
     uint ConcGCThreads                            = 2                                         {product} {ergonomic}
     uint G1ConcRefinementThreads                  = 8                                         {product} {ergonomic}
   size_t G1HeapRegionSize                         = 4194304                                   {product} {ergonomic}
   size_t InitialHeapSize                          = 532676608                                 {product} {ergonomic}
   size_t MarkStackSize                            = 4194304                                   {product} {ergonomic}
   size_t MarkStackSizeMax                         = 536870912                                 {product} {ergonomic}
   size_t MaxHeapSize                              = 8476688384                                {product} {ergonomic}
   size_t MaxNewSize                               = 5083496448                                {product} {ergonomic}
   size_t MinHeapDeltaBytes                        = 4194304                                   {product} {ergonomic}
   size_t MinHeapSize                              = 8388608                                   {product} {ergonomic}
    uintx NonNMethodCodeHeapSize                   = 5898240                                {pd product} {ergonomic}
    uintx NonProfiledCodeHeapSize                  = 122945536                              {pd product} {ergonomic}
    uintx ProfiledCodeHeapSize                     = 122945536                              {pd product} {ergonomic}
    uintx ReservedCodeCacheSize                    = 251789312                              {pd product} {ergonomic}
     bool SegmentedCodeCache                       = true                                      {product} {ergonomic}
   size_t SoftMaxHeapSize                          = 8476688384                             {manageable} {ergonomic}
     bool UseCompressedOops                        = true                           {product lp64_product} {ergonomic}
     bool UseG1GC                                  = true                                      {product} {ergonomic}
     bool UseLargePagesIndividualAllocation        = false                                  {pd product} {ergonomic}

Logging:
Log output configuration:
 #0: stdout all=warning uptime,level,tags foldmultilines=false
 #1: stderr all=off uptime,level,tags foldmultilines=false

Release file:
IMPLEMENTOR="Eclipse Adoptium" 
IMPLEMENTOR_VERSION="Temurin-25.0.4.1+1" 
JAVA_RUNTIME_VERSION="25.0.4.1+1-LTS" 
JAVA_VERSION="25.0.4.1" 
JAVA_VERSION_DATE="2026-08-18" 
LIBC="default" 
MODULES="java.base java.compiler java.datatransfer java.xml java.prefs java.desktop java.instrument java.logging java.management java.security.sasl java.naming java.rmi java.management.rmi java.net.http java.scripting java.security.jgss java.transaction.xa java.sql java.sql.rowset java.xml.crypto java.se java.smartcardio jdk.accessibility jdk.internal.jvmstat jdk.attach jdk.charsets jdk.internal.opt jdk.zipfs jdk.compiler jdk.crypto.cryptoki jdk.crypto.ec jdk.crypto.mscapi jdk.dynalink jdk.internal.ed jdk.editpad jdk.internal.vm.ci jdk.graal.compiler jdk.graal.compiler.management jdk.hotspot.agent jdk.httpserver jdk.incubator.vector jdk.internal.le jdk.internal.md jdk.jartool jdk.javadoc jdk.jcmd jdk.management jdk.management.agent jdk.jconsole jdk.jdeps jdk.jdwp.agent jdk.jdi jdk.jfr jdk.jlink jdk.jpackage jdk.jshell jdk.jsobject jdk.jstatd jdk.localedata jdk.management.jfr jdk.naming.dns jdk.naming.rmi jdk.net jdk.nio.mapmode jdk.sctp jdk.security.auth jdk.security.jgss jdk.unsupported jdk.unsupported.desktop jdk.xml.dom" 
OS_ARCH="x86_64" 
OS_NAME="Windows" 
SOURCE=".:git:520406d87195" 
BUILD_SOURCE="git:e6ba7dec3d07654074559310376a3ae89da5f4ac"
BUILD_SOURCE_REPO="https://github.com/adoptium/temurin-build.git"
SOURCE_REPO="https://github.com/adoptium/jdk25u.git"
FULL_VERSION="25.0.4.1+1-LTS"
SEMANTIC_VERSION="25.0.4.1+1"
BUILD_INFO="OS: Windows Server 2022 Version: 10.0"
JVM_VARIANT="Hotspot"
JVM_VERSION="25.0.4.1+1-LTS"
IMAGE_TYPE="JDK"

Environment Variables:
JAVA_HOME=C:\Users\prudence.moya\AppData\Local\Programs\Eclipse Adoptium\jdk-25.0.4.101-hotspot\
PATH=C:\Users\prudence.moya\OneDrive - Entelect Software (Pty) Ltd\Desktop\Learning\Playwright\ui-automation-framework\node_modules\.bin;C:\Users\prudence.moya\OneDrive - Entelect Software (Pty) Ltd\Desktop\Learning\Playwright\ui-automation-framework\node_modules\.bin;C:\Users\prudence.moya\OneDrive - Entelect Software (Pty) Ltd\Desktop\Learning\Playwright\node_modules\.bin;C:\Users\prudence.moya\OneDrive - Entelect Software (Pty) Ltd\Desktop\Learning\node_modules\.bin;C:\Users\prudence.moya\OneDrive - Entelect Software (Pty) Ltd\Desktop\node_modules\.bin;C:\Users\prudence.moya\OneDrive - Entelect Software (Pty) Ltd\node_modules\.bin;C:\Users\prudence.moya\node_modules\.bin;C:\Users\node_modules\.bin;C:\node_modules\.bin;C:\Program Files\nodejs\node_modules\npm\node_modules\@npmcli\run-script\lib\node-gyp-bin;C:\Users\prudence.moya\OneDrive - Entelect Software (Pty) Ltd\Desktop\Learning\Playwright\ui-automation-framework\node_modules\.bin;C:\Users\prudence.moya\OneDrive - Entelect Software (Pty) Ltd\Desktop\Learning\Playwright\node_modules\.bin;C:\Users\prudence.moya\OneDrive - Entelect Software (Pty) Ltd\Desktop\Learning\node_modules\.bin;C:\Users\prudence.moya\OneDrive - Entelect Software (Pty) Ltd\Desktop\node_modules\.bin;C:\Users\prudence.moya\OneDrive - Entelect Software (Pty) Ltd\node_modules\.bin;C:\Users\prudence.moya\node_modules\.bin;C:\Users\node_modules\.bin;C:\node_modules\.bin;C:\Program Files\nodejs\node_modules\npm\node_modules\@npmcli\run-script\lib\node-gyp-bin;C:\windows\system32;C:\windows;C:\windows\System32\Wbem;C:\windows\System32\WindowsPowerShell\v1.0\;C:\windows\System32\OpenSSH\;C:\Program Files\dotnet\;C:\Program Files\nodejs\;C:\Program Files\Microsoft SQL Server\170\Tools\Binn\;C:\Program Files\Microsoft SQL Server\Client SDK\ODBC\170\Tools\Binn\;C:\Program Files\k6\;C:\Program Files\Git\cmd;C:\Users\prudence.moya\AppData\Local\Programs\Eclipse Adoptium\jdk-25.0.4.101-hotspot\bin;C:\Users\prudence.moya\AppData\Local\Microsoft\WindowsApps;C:\Users\prudence.moya\AppData\Roaming\npm;C:\Users\prudence.moya\AppData\Local\Programs\Microsoft VS Code\bin;C:\Users\prudence.moya\.dotnet\tools;C:\Users\prudence.moya\.local\bin;
USERNAME=prudence.moya
LANG=en_US.UTF-8
OS=Windows_NT
PROCESSOR_IDENTIFIER=Intel64 Family 6 Model 189 Stepping 1, GenuineIntel
TMP=C:\Users\PRUDEN~1.MOY\AppData\Local\Temp
TEMP=C:\Users\PRUDEN~1.MOY\AppData\Local\Temp




Compilation memory statistics disabled.

Periodic native trim disabled

---------------  S Y S T E M  ---------------

OS:
 Windows 11 , 64 bit Build 26100 (10.0.26100.9444)
OS uptime: 1 days 22:51 hours
Hyper-V role detected

CPU: total 8 (initial active 8) (8 cores per cpu, 1 threads per core) family 6 model 189 stepping 1 microcode 0x126, cx8, cmov, fxsr, mmx, 3dnowpref, sse, sse2, sse3, ssse3, sse4.1, sse4.2, popcnt, lzcnt, tsc, tscinvbit, avx, avx2, aes, erms, clmul, bmi1, bmi2, adx, sha, fma, vzeroupper, clflush, clflushopt, clwb, hv, serialize, rdtscp, rdpid, fsrm, gfni, f16c, cet_ibt, cet_ss, avx_ifma, sha512
Processor Information for processor 0
  Max Mhz: 2200, Current Mhz: 2200, Mhz Limit: 2200
Processor Information for processor 1
  Max Mhz: 2200, Current Mhz: 2200, Mhz Limit: 2200
Processor Information for processor 2
  Max Mhz: 2200, Current Mhz: 2200, Mhz Limit: 2200
Processor Information for processor 3
  Max Mhz: 2200, Current Mhz: 2200, Mhz Limit: 2200
Processor Information for processor 4
  Max Mhz: 2200, Current Mhz: 2000, Mhz Limit: 2200
Processor Information for processor 5
  Max Mhz: 2200, Current Mhz: 2200, Mhz Limit: 2200
Processor Information for processor 6
  Max Mhz: 2200, Current Mhz: 2000, Mhz Limit: 2200
Processor Information for processor 7
  Max Mhz: 2200, Current Mhz: 2000, Mhz Limit: 2200

Memory: 4k page, system-wide physical 32325M (5900M free)
TotalPageFile size 55877M (AvailPageFile size 17226M)
current process WorkingSet (physical memory assigned to process): 31M, peak: 79M
current process commit charge ("private bytes"): 615M, peak: 623M

vm_info: OpenJDK 64-Bit Server VM (25.0.4.1+1-LTS) for windows-amd64 JRE (25.0.4.1+1-LTS), built on 2026-08-18T00:00:00Z with MS VC++ 17.12 (VS2022)

END.
